/product/aod_res/aod_default.png 1-2
/product/etc/NOTICE.xml.gz 3-33
/product/etc/app_brightness_limited_config.xml 34
/product/etc/build.prop 35-37
/product/etc/build_flags.json 38-39
/product/etc/power_profile.xml 40-41
/product/etc/tran_thermal_light_limit_config.xml 42
/product/etc/voicemail-conf.xml 43
/product/fonts/TOS_250829VF.ttf 44-94
/product/fonts/TransSans_SC_0704.ttf 95-4656
/product/framework/agares.jar 4657-4684
/product/framework/appturbo_core.jar 4685-4690
/product/framework/magellan_core.jar 4691-4711
/product/framework/quantus.jar 4712-4752
/product/framework/resmonitor_core.jar 4753-4765
/product/framework/tran_powerdata.jar 4766-4782
/product/framework/tran_usf.jar 4783-4838
/product/framework/transsion_aegean.jar 4839-4868
/product/framework/tsppm.jar 4869-4918
/product/media/bootanimation.zip 4919-6021
/product/media/bootanimation_pubg.zip 6022-6757
/product/media/shutanimation_pubg.zip 6758-6802
/product/media/shutdownanimation.zip 6803-6824
/product/overlay/AIVoiceAssistantConfigOverlay.apk 6825-6826
/product/overlay/AiWritingOverlay-XOS.apk 6827-6830
/product/overlay/CaptivePortalLoginFrameworkOverlay.apk 6831-6832
/product/overlay/DynamicBarOverlay.apk 6833-6834
/product/overlay/GmsConfigOverlayASIPlus.apk 6835-6836
/product/overlay/GmsConfigOverlayCommon.apk 6837-6841
/product/overlay/GmsConfigOverlayGSA_CTS.apk 6842-6843
/product/overlay/GmsConfigOverlayGeotz.apk 6844-6845
/product/overlay/GmsConfigOverlayPersonalSafety.apk 6846-6847
/product/overlay/GoogleDeviceLockControllerOverlay.apk 6848-6849
/product/overlay/GoogleDocumentsUIOverlay.apk 6850-6851
/product/overlay/GoogleExtServicesConfigOverlay.apk 6852-6853
/product/overlay/GoogleHealthFitnessFrameworkOverlay.apk 6854-6855
/product/overlay/GooglePermissionControllerFrameworkOverlay.apk 6856-6857
/product/overlay/IconDefaultShape.apk 6858-6859
/product/overlay/IconDefaultShape_B85.apk 6860-6861
/product/overlay/IconDefaultShape_Color.apk 6862-6863
/product/overlay/IconDefaultShape_E23.apk 6864-6865
/product/overlay/IconDefaultShape_MLBB.apk 6866-6867
/product/overlay/IconDefaultShape_PUBG.apk 6868-6869
/product/overlay/IconDefaultShape_ROV.apk 6870-6871
/product/overlay/IconDefaultShape_Radiant.apk 6872-6873
/product/overlay/IconDefaultShape_S30.apk 6874-6875
/product/overlay/ModuleMetadataGoogleOverlay.apk 6876-6877
/product/overlay/SmartPanelOverlay-XOS.apk 6878-6886
/product/overlay/SystemUIOverlay.apk 6887-6889
/product/overlay/SystemUISignalOverlay.apk 6890-6899
/product/overlay/TranGooglePackageInstallerOverlay.apk 6900-7049
/product/overlay/TranGooglePermissionControllerOverlay.apk 7050-7201
/product/overlay/framework-res__prd_x6871_h962_c1_v_tssi_64_armv82_infinix__auto_generated_rro_product.apk 7202-9228
/product/settings_res/haptic_demo.mp4 9229-11981
/product/Launcher_res/weather_icon/ic_wth_cloud_l.webp 11982-11983
/product/Launcher_res/weather_icon/ic_wth_dust_l.webp 11984
/product/Launcher_res/weather_icon/ic_wth_foggy_l.webp 11985-11986
/product/Launcher_res/weather_icon/ic_wth_frigid_l.webp 11987-11988
/product/Launcher_res/weather_icon/ic_wth_frigid_n.webp 11989
/product/Launcher_res/weather_icon/ic_wth_hailstone_l.webp 11990-11991
/product/Launcher_res/weather_icon/ic_wth_hailstone_n.webp 11992
/product/Launcher_res/weather_icon/ic_wth_partly_cloudy_l.webp 11993-11994
/product/Launcher_res/weather_icon/ic_wth_partly_cloudy_night_l.webp 11995-11996
/product/Launcher_res/weather_icon/ic_wth_rain1_l.webp 11997-11998
/product/Launcher_res/weather_icon/ic_wth_rain2_l.webp 11999-12000
/product/Launcher_res/weather_icon/ic_wth_rain3_l.webp 12001-12002
/product/Launcher_res/weather_icon/ic_wth_rain4_l.webp 12003-12004
/product/Launcher_res/weather_icon/ic_wth_rain4_n.webp 12005
/product/Launcher_res/weather_icon/ic_wth_rain5_l.webp 12006-12007
/product/Launcher_res/weather_icon/ic_wth_rain5_n.webp 12008
/product/Launcher_res/weather_icon/ic_wth_rain6_l.webp 12009-12010
/product/Launcher_res/weather_icon/ic_wth_slightly_foggy_l.webp 12011-12012
/product/Launcher_res/weather_icon/ic_wth_snow1_l.webp 12013-12014
/product/Launcher_res/weather_icon/ic_wth_snow2_l.webp 12015-12016
/product/Launcher_res/weather_icon/ic_wth_snow3_l.webp 12017-12018
/product/Launcher_res/weather_icon/ic_wth_snow3_n.webp 12019
/product/Launcher_res/weather_icon/ic_wth_snow4_l.webp 12020-12021
/product/Launcher_res/weather_icon/ic_wth_snow4_n.webp 12022
/product/Launcher_res/weather_icon/ic_wth_snow5_l.webp 12023-12024
/product/Launcher_res/weather_icon/ic_wth_snow5_n.webp 12025
/product/Launcher_res/weather_icon/ic_wth_snow6_l.webp 12026-12027
/product/Launcher_res/weather_icon/ic_wth_snow6_night_l.webp 12028-12029
/product/Launcher_res/weather_icon/ic_wth_sunny_l.webp 12030-12031
/product/Launcher_res/weather_icon/ic_wth_sunny_night_l.webp 12032
/product/Launcher_res/weather_icon/ic_wth_thunder_l.webp 12033-12034
/product/Launcher_res/weather_icon/ic_wth_tornado_l.webp 12035-12037
/product/Launcher_res/weather_icon/ic_wth_tornado_n.webp 12038
/product/Launcher_res/weather_icon/ic_wth_unknow_l.webp 12039
/product/Launcher_res/weather_icon/ic_wth_whirlwind_l.webp 12040-12042
/product/Launcher_res/weather_icon/ic_wth_whirlwind_n.webp 12043
/product/Launcher_res/weather_icon/ic_wth_windy_l.webp 12044
/product/Launcher_res/widget_preview_dual_clock/ic_widget_2_clock_weather_dual_light.png 12045-12051
/product/Launcher_res/widget_preview_dual_clock/ic_widget_2_clock_weather_dual_night.png 12052-12057
/product/Launcher_res/widget_preview_dual_clock/ic_widget_2x2_clock_weather_dual_light.png 12058-12062 12063
/product/Launcher_res/widget_preview_dual_clock/ic_widget_2x2_clock_weather_dual_night.png 12064-12079
/product/Launcher_res/widget_preview_dual_clock/ic_widget_4x1_clock_weather_dual_light.png 12080-12082
/product/Launcher_res/widget_preview_dual_clock/ic_widget_4x1_clock_weather_dual_night.png 12083-12085
/product/Launcher_res/widget_preview_dual_clock/ic_widget_4x2_clock_weather_c_dual_light.png 12086-12090
/product/Launcher_res/widget_preview_dual_clock/ic_widget_4x2_clock_weather_c_dual_night.png 12091-12095
/product/Launcher_res/widget_preview_dual_clock/ic_widget_dual_clock_pova.png 12096-12123
/product/apm/config/aegean_cg.xml 12124
/product/apm/config/agares_config_12g_ram.json 12125
/product/apm/config/agares_config_4g_ram.json 12126
/product/apm/config/agares_config_6g_ram.json 12127
/product/apm/config/agares_config_8g_ram.json 12128
/product/apm/config/project_refresh_rate_config.json 12129
/product/apm/config/refresh_rate_config.json 12130-12131
/product/app/AIChargeProvider/AIChargeProvider.apk 12132-12133
/product/app/AICoreCV/AICoreCV.apk 12134-19772
/product/app/AICoreLLM/AICoreLLM.apk 19773-20661
/product/app/AICoreModelManager/AICoreModelManager.apk 20662-22150
/product/app/AICoreOCR/AICoreOCR.apk 22151-26645
/product/app/AICoreSpeech2.0/AICoreSpeech2.0.apk 26646-39108
/product/app/AIwallpaper/AIwallpaper.apk 39109-46206
/product/app/AirTransfer/AirTransfer.apk 46207-50016
/product/app/AirshipWallpaper/AirshipWallpaper.apk 50017-72851
/product/app/Chrome/Chrome.apk 72852-79418
/product/app/Chrome/Chrome.apk.prof 79419
/product/app/ColorArtWallpaper/ColorArtWallpaper.apk 79420-81224
/product/app/ConnectBase/ConnectBase.apk 81225-85366
/product/app/CustomWallpaper/CustomWallpaper.apk 85367-90095
/product/app/CvMatting/CvMatting.apk 90096-98835
/product/app/DualApp/DualApp.apk 98836-99567
/product/app/Gmail2/Gmail2.apk 99568-117780
/product/app/GoogleCalendarSyncAdapter/GoogleCalendarSyncAdapter.apk 117781-118418
/product/app/GoogleLocationHistory/GoogleLocationHistory.apk 118419-118852
/product/app/LatinImeGoogle/LatinImeGoogle.apk 118853-130936
/product/app/LiveCaption2.0/LiveCaption2.0.apk 130937-131723
/product/app/Maps/Maps.apk 131724-148285
/product/app/MechaPro/MechaPro.apk 148286-155014
/product/app/Meet/Meet.apk 155015-168795
/product/app/MondrianWallpaper/MondrianWallpaper.apk 168796-170299
/product/app/NonFrameworkLbs/NonFrameworkLbs.apk 170300-170318
/product/app/Photos/Photos.apk 170319-189110
/product/app/SaiboPro/SaiboPro.apk 189111-203358
/product/app/SmartMessage/SmartMessage.apk 203359-211179
/product/app/SpaceSaver/SpaceSaver.apk 211180-213827
/product/app/SpacecraftWallpaper/SpacecraftWallpaper.apk 213828-232920
/product/app/SpeechServicesByGoogle/SpeechServicesByGoogle.apk 232921-245292
/product/app/ThemeWallpaper/ThemeWallpaper.apk 245293-247796
/product/app/TrichromeLibrary/TrichromeLibrary.apk 247797-266143
/product/app/WebViewGoogle/WebViewGoogle.apk 266144-287090
/product/app/YTMusic/YTMusic.apk 287091-295561
/product/app/YouTube/YouTube.apk 295562-313552
/product/app/com.google.android.modulemetadata/com.google.android.modulemetadata.apk 313553-313557
/product/app/com.google.mainline.adservices/com.google.mainline.adservices.apk 313558-313560
/product/app/com.google.mainline.telemetry/com.google.mainline.telemetry.apk 313561-313563
/product/app/pictorial_011_012/pictorial_011_012.apk 313564-323010
/product/app/talkback/talkback.apk 323011-327591
/product/etc/easypicV2/easypic_image_encoder_vit32_b_int8.mnn 327592-349249
/product/etc/easypicV2/easypic_text_encoder_L4_fp16.mnn 349250-370289
/product/etc/easypicV2/easypic_vocab_multilang.txt 370290-370530
/product/etc/init/vendor.transsion.performance.aegean.rc 370531
/product/etc/permissions/privapp-permissions-google-product.xml 370532
/product/etc/powerdata/power_warning_config.json 370533
/product/etc/pq/tran_pq_config.json 370534
/product/etc/preferred-apps/google.xml 370535
/product/etc/sysconfig/google-hiddenapi-package-allowlist.xml 370536
/product/etc/sysconfig/google.xml 370537
/product/etc/sysconfig/preinstalled-packages-platform-overlays.xml 370538
/product/overlay/ChildModeResOverlayThub/ChildModeResOverlayThub.apk 370539-370540
/product/overlay/DisplayCutoutEmulationCorner/DisplayCutoutEmulationCornerOverlay.apk 370541-370543
/product/overlay/DisplayCutoutEmulationDouble/DisplayCutoutEmulationDoubleOverlay.apk 370544-370546
/product/overlay/DisplayCutoutEmulationHole/DisplayCutoutEmulationHoleOverlay.apk 370547-370549
/product/overlay/DisplayCutoutEmulationTall/DisplayCutoutEmulationTallOverlay.apk 370550-370552
/product/overlay/DisplayCutoutEmulationWaterfall/DisplayCutoutEmulationWaterfallOverlay.apk 370553-370555
/product/overlay/FontNotoSerifSource/FontNotoSerifSourceOverlay.apk 370556-370557
/product/overlay/NavigationBarMode3Button/NavigationBarMode3ButtonOverlay.apk 370558-370559
/product/overlay/NavigationBarModeGestural/NavigationBarModeGesturalOverlay.apk 370560-370561
/product/overlay/NotesRoleEnabled/NotesRoleEnabledOverlay.apk 370562-370563
/product/overlay/OOBEResOverlay/OOBEResOverlay.apk 370564-370565
/product/overlay/TranSettingsApkResOverlay/TranSettingsApkResOverlay.apk 370566-370567
/product/overlay/TransparentNavigationBar/TransparentNavigationBarOverlay.apk 370568-370569
/product/overlay/WifiSystemResMainlineOverlay/WifiSystemResMainlineOverlay.apk 370570-370571
/product/overlay/WifiSystemResOverlay/WifiSystemResOverlay.apk 370572-370573
/product/priv-app/ARCore/ARCore.apk 370574-385841
/product/priv-app/AndroidAutoStub/AndroidAutoStub.apk 385842-386337
/product/priv-app/AndroidSystemIntelligence/AndroidSystemIntelligence.apk 386338-392927
/product/priv-app/ConfigUpdater/ConfigUpdater.apk 392928-393120
/product/priv-app/FamilyLinkParentalControls/FamilyLinkParentalControls.apk 393121-393125
/product/priv-app/FilesGoogle/FilesGoogle.apk 393126-397582
/product/priv-app/GmsCore/GmsCore.apk 397583-424395
/product/priv-app/GmsCore/GmsCore.apk.prof 424396-424428
/product/priv-app/GoogleOneTimeInitializer/GoogleOneTimeInitializer.apk 424429-424468
/product/priv-app/GooglePartnerSetup/GooglePartnerSetup.apk 424469-424689
/product/priv-app/GoogleRestore/GoogleRestore.apk 424690-426836
/product/priv-app/HotwordEnrollmentOKGoogleRISCV/HotwordEnrollmentOKGoogleRISCV.apk 426837-427010
/product/priv-app/HotwordEnrollmentXGoogleRISCV/HotwordEnrollmentXGoogleRISCV.apk 427011-427170
/product/priv-app/ImsServiceEntitlement/ImsServiceEntitlement.apk 427171-428099
/product/priv-app/MagicTouch/MagicTouch.apk 428100-428529
/product/priv-app/Nephilim/Nephilim.apk 428530-428654
/product/priv-app/OSIcon/OSIcon.apk 428655-430022
/product/priv-app/PersonalSafety/PersonalSafety.apk 430023-433315
/product/priv-app/Phonesky/Phonesky.apk 433316-444465
/product/priv-app/PrivateComputeServices/PrivateComputeServices.apk 444466-447649
/product/priv-app/SecurityCom/SecurityCom.apk 447650-448114
/product/priv-app/TEOP/TEOP.apk 448115-448231
/product/priv-app/Velvet/Velvet.apk 448232-500223
/product/priv-app/Wellbeing/Wellbeing.apk 500224-502867
/product/settings_res/X6871/music_demo.mp3 502868-505077
/product/standbyhandler/config/standbyHandler.json 505078
/product/theme/Xtheme/Xtheme.apk 505079-508222
/product/theme/Xtheme_B85/Xtheme_B85.apk 508223-511421
/product/theme/Xtheme_Color/Xtheme_Color.apk 511422-514584
/product/theme/Xtheme_E23/Xtheme_E23.apk 514585-517178
/product/theme/Xtheme_MLBB/Xtheme_MLBB.apk 517179-520072
/product/theme/Xtheme_PUBG/Xtheme_PUBG.apk 520073-522944
/product/theme/Xtheme_ROV/Xtheme_ROV.apk 522945-526039
/product/theme/Xtheme_Radiant/Xtheme_Radiant.apk 526040-528587
/product/theme/Xtheme_S30/Xtheme_S30.apk 528588-531843
/product/theme/charge/com.android.opengl.shaders_cache 531844-532270
/product/theme/charge/com.android.skia.shaders_cache 532271-532433
/product/theme/charge/lockscreen_charge_config.xml 532434
/product/theme/charge/static_image_0.png 532435-532456
/product/theme/charge/static_image_1.png 532457-532491
/product/theme/charge/static_image_2.png 532492-532525
/product/theme/charge/static_image_3.png 532526-532567
/product/theme/charge/static_image_4.png 532568-532597
/product/theme/charge/static_image_5.png 532598-532633
/product/theme/charge/xos_wire_charging_lockscreen.mp4 532634-533419
/product/theme/wallpaper/01.png 533420-534113
/product/theme/wallpaper/02.png 534114-534797
/product/theme/wallpaper/06.png 534798-535541
/product/theme/wallpaper/07.png 535542-536420
/product/theme/wallpaper/08.png 536421-537307
/product/theme/wallpaper/09.png 537308-538013
/product/theme/wallpaper/10.png 538014-538852
/product/theme/wallpaper/11.png 538853-539668
/product/theme/wallpaper/12.png 539669-540354
/product/theme/wallpaper/13.png 540355-541194
/product/theme/wallpaper/14.png 541195-541652
/product/theme/wallpaper/15.png 541653-542107
/product/theme/wallpaper/16.png 542108-542813
/product/theme/wallpaper/17.png 542814-543559
/product/theme/wallpaper/18.png 543560-544218
/product/theme/wallpaper/19.png 544219-544936
/product/theme/wallpaper/20.png 544937-545737
/product/theme/wallpaper/21.png 545738-546563
/product/theme/wallpaper/22.png 546564-547258
/product/theme/wallpaper/23.png 547259-548156
/product/theme/wallpaper/24.png 548157-549322
/product/theme/wallpaper/25.png 549323-550409 550410
/product/theme/wallpaper/26.png 550411-550899
/product/theme/wallpaper/27.png 550900-551378
/product/theme/wallpaper/28.png 551379-551936
/product/theme/wallpaper/29.png 551937-552687
/product/theme/wallpaper/30.png 552688-553140
/product/theme/wallpaper/31.png 553141-553770
/product/theme/wallpaper/32.png 553771-554109
/product/theme/wallpaper/33.png 554110-554488
/product/theme/wallpaper/34.png 554489-555263
/product/theme/wallpaper/35.png 555264-555895
/product/theme/wallpaper/36.png 555896-556571
/product/theme/wallpaper/37.png 556572-557321
/product/theme/wallpaper/38.png 557322-557621
/product/theme/wallpaper/39.png 557622-557706
/product/theme/wallpaper/40.png 557707-557746
/product/etc/performance/gamebooster/gamebooster_config_2g_t.json 557747
/product/etc/performance/gamebooster/gamebooster_config_3g_t.json 557748
/product/etc/performance/gamebooster/gamebooster_config_4g_t.json 557749
/product/etc/performance/gamebooster/gamebooster_config_6g_t.json 557750
/product/etc/performance/gamebooster/gamebooster_config_8g_t.json 557751
/product/etc/performance/griffin/blacklist_t.json 557752
/product/etc/performance/griffin/keep_alive_config_t.json 557753
/product/etc/performance/griffin/memory_monitor_config_12g.json 557754
/product/etc/performance/griffin/memory_monitor_config_8g.json 557755
/product/etc/performance/griffin/memory_monitor_config_g.json 557756
/product/etc/performance/griffin/policy_config_12g_ram_t.json 557757-557758
/product/etc/performance/griffin/policy_config_2g_ram_t.json 557759-557760
/product/etc/performance/griffin/policy_config_3g_ram_t.json 557761-557762
/product/etc/performance/griffin/policy_config_4g_ram_t.json 557763-557764
/product/etc/performance/griffin/policy_config_6g_ram_t.json 557765-557766
/product/etc/performance/griffin/policy_config_8g_ram_t.json 557767-557768
/product/etc/performance/griffin/policy_config_apm_12g_ram_t.json 557769-557770
/product/etc/performance/griffin/policy_config_apm_2g_ram_t.json 557771-557772
/product/etc/performance/griffin/policy_config_apm_3g_ram_t.json 557773-557774
/product/etc/performance/griffin/policy_config_apm_4g_ram_t.json 557775-557776
/product/etc/performance/griffin/policy_config_apm_6g_ram_t.json 557777-557778
/product/etc/performance/griffin/policy_config_apm_8g_ram_t.json 557779-557780
/product/etc/performance/griffin/policy_config_slim.json 557781-557782
/product/etc/performance/tranpm/sort_clean_config.json 557783
/product/etc/performance/tranpm/tranpm_limit_config.json 557784
/product/etc/performance/tranpm/tranpm_oomadj_config.json 557785
/product/etc/performance/tranpm/tranpm_policy_config_12g_ram_t.json 557786-557787
/product/etc/performance/tranpm/tranpm_policy_config_2g_ram_t.json 557788-557789
/product/etc/performance/tranpm/tranpm_policy_config_3g_ram_t.json 557790-557791
/product/etc/performance/tranpm/tranpm_policy_config_4g_ram_t.json 557792-557793
/product/etc/performance/tranpm/tranpm_policy_config_6g_ram_t.json 557794-557795
/product/etc/performance/tranpm/tranpm_policy_config_8g_ram_t.json 557796-557797
/product/etc/performance/tranpm/tranpm_policy_config_apm_12g_ram_t.json 557798-557799
/product/etc/performance/tranpm/tranpm_policy_config_apm_2g_ram_t.json 557800-557801
/product/etc/performance/tranpm/tranpm_policy_config_apm_3g_ram_t.json 557802-557803
/product/etc/performance/tranpm/tranpm_policy_config_apm_4g_ram_t.json 557804-557805
/product/etc/performance/tranpm/tranpm_policy_config_apm_6g_ram_t.json 557806-557807
/product/etc/performance/tranpm/tranpm_policy_config_apm_8g_ram_t.json 557808-557809
/product/etc/performance/tranpm/tranpm_reclaim_config.json 557810
/product/framework/oat/arm/agares.odex 557811
/product/framework/oat/arm/agares.vdex 557812
/product/framework/oat/arm/appturbo_core.odex 557813
/product/framework/oat/arm/magellan_core.odex 557814
/product/framework/oat/arm/quantus.odex 557815
/product/framework/oat/arm/quantus.vdex 557816
/product/framework/oat/arm/resmonitor_core.odex 557817
/product/framework/oat/arm/tran_powerdata.odex 557818
/product/framework/oat/arm/tran_usf.odex 557819
/product/framework/oat/arm/tran_usf.vdex 557820
/product/framework/oat/arm/transsion_aegean.odex 557821
/product/framework/oat/arm/transsion_aegean.vdex 557822
/product/framework/oat/arm/tsppm.odex 557823
/product/framework/oat/arm/tsppm.vdex 557824
/product/framework/oat/arm64/agares.odex 557825
/product/framework/oat/arm64/agares.vdex 557826
/product/framework/oat/arm64/appturbo_core.odex 557827
/product/framework/oat/arm64/magellan_core.odex 557828
/product/framework/oat/arm64/quantus.odex 557829
/product/framework/oat/arm64/quantus.vdex 557830
/product/framework/oat/arm64/resmonitor_core.odex 557831
/product/framework/oat/arm64/tran_powerdata.odex 557832
/product/framework/oat/arm64/tran_usf.odex 557833
/product/framework/oat/arm64/tran_usf.vdex 557834
/product/framework/oat/arm64/transsion_aegean.odex 557835
/product/framework/oat/arm64/transsion_aegean.vdex 557836
/product/framework/oat/arm64/tsppm.odex 557837
/product/framework/oat/arm64/tsppm.vdex 557838
/product/media/audio/alarms/Alarm.ogg 557839-557865
/product/media/audio/alarms/Assemble_by_PUBGMOBILE.ogg 557866-558119
/product/media/audio/alarms/Beep.ogg 558120-558145
/product/media/audio/alarms/Bell.ogg 558146-558270
/product/media/audio/alarms/Brisk.ogg 558271-558342
/product/media/audio/alarms/Busy_Marimba.ogg 558343-558398
/product/media/audio/alarms/Champions_Are_Made_by_PUBGMOBILE.ogg 558399-558566
/product/media/audio/alarms/Chord.ogg 558567-558799
/product/media/audio/alarms/Classical.ogg 558800-559064
/product/media/audio/alarms/Clock.ogg 559065-559133
/product/media/audio/alarms/Crystal_Power_by_PUBGMOBILE.ogg 559134-559704
/product/media/audio/alarms/Cuckoo_Clock.ogg 559705-559765
/product/media/audio/alarms/Dreamer.ogg 559766-559992
/product/media/audio/alarms/Elegantly.ogg 559993-560337
/product/media/audio/alarms/Expectation.ogg 560338-560682
/product/media/audio/alarms/Firm.ogg 560683-560772
/product/media/audio/alarms/Guitar.ogg 560773-561021
/product/media/audio/alarms/Interesting.ogg 561022-561074
/product/media/audio/alarms/Jingle.ogg 561075-561347
/product/media/audio/alarms/Leisurely.ogg 561348-561461
/product/media/audio/alarms/Lithe.ogg 561462-561521
/product/media/audio/alarms/Meaning_of_Life_by_PUBGMOBILE.ogg 561522-561711
/product/media/audio/alarms/Modulator.ogg 561712-561732
/product/media/audio/alarms/Nothings_Getting_in_Our_Way_by_PUBGMOBILE.ogg 561733-561869
/product/media/audio/alarms/Popular.ogg 561870-561972
/product/media/audio/alarms/Pulse_Signal.ogg 561973-562101
/product/media/audio/alarms/Relax.ogg 562102-562437
/product/media/audio/alarms/Rise_Slowly.ogg 562438-562867
/product/media/audio/alarms/Swing.ogg 562868-562905
/product/media/audio/alarms/Synth_Arpeggio.ogg 562906-563119
/product/media/audio/alarms/Thad_Wetland.ogg 563120-563218
/product/media/audio/alarms/We_Wont_Stop_by_PUBGMOBILE.ogg 563219-563390
/product/media/audio/alarms/Win_for_You_by_PUBGMOBILE.ogg 563391-563845
/product/media/audio/notifications/Acclivity.ogg 563846-563852
/product/media/audio/notifications/Bicycle_Bell.ogg 563853-563860
/product/media/audio/notifications/Bright.ogg 563861-563883
/product/media/audio/notifications/Bubble.ogg 563884
/product/media/audio/notifications/Call.ogg 563885-563893
/product/media/audio/notifications/Click.ogg 563894-563899
/product/media/audio/notifications/Cricket.ogg 563900-563901
/product/media/audio/notifications/Didi.ogg 563902-563906
/product/media/audio/notifications/Ding.ogg 563907-563921
/product/media/audio/notifications/Distant.ogg 563922-563944
/product/media/audio/notifications/Downstream.ogg 563945-563962
/product/media/audio/notifications/Drop.ogg 563963-563966
/product/media/audio/notifications/Echo.ogg 563967-563983
/product/media/audio/notifications/Fast.ogg 563984-563996
/product/media/audio/notifications/Flute.ogg 563997-564008
/product/media/audio/notifications/Frog.ogg 564009-564013
/product/media/audio/notifications/Go_Down.ogg 564014-564022
/product/media/audio/notifications/Kind.ogg 564023-564037
/product/media/audio/notifications/Received_Signal.ogg 564038-564066
/product/media/audio/notifications/Ripple.ogg 564067-564080
/product/media/audio/notifications/Shake.ogg 564081-564097
/product/media/audio/notifications/Space_Signal.ogg 564098-564104
/product/media/audio/notifications/Tessellated.ogg 564105-564133
/product/media/audio/notifications/Water_Drops.ogg 564134-564140
/product/media/audio/ringtones/Assemble_by_PUBGMOBILE.ogg 564141-564332
/product/media/audio/ringtones/Battle_for_Glory_by_PUBGMOBILE.ogg 564333-564513
/product/media/audio/ringtones/Business_by_PUBGMOBILE.ogg 564514-564656
/product/media/audio/ringtones/Cool_Breeze.ogg 564657-564819
/product/media/audio/ringtones/Crystal_Power_Mix_by_PUBGMOBILE.ogg 564820-565084
/product/media/audio/ringtones/Dainty.ogg 565085-565153
/product/media/audio/ringtones/Dance.ogg 565154-565483
/product/media/audio/ringtones/Desk_phone.ogg 565484-565500
/product/media/audio/ringtones/Electronic_Dance.ogg 565501-565617
/product/media/audio/ringtones/Elegant.ogg 565618-565855
/product/media/audio/ringtones/Elegant_Chaos_by_PUBGMOBILE.ogg 565856-566013
/product/media/audio/ringtones/Elegant_Treble.ogg 566014-566254
/product/media/audio/ringtones/Elegant_bright.ogg 566255-566446
/product/media/audio/ringtones/Elegant_simple.ogg 566447-566488
/product/media/audio/ringtones/Expectation.ogg 566489-566643
/product/media/audio/ringtones/Funk.ogg 566644-566830
/product/media/audio/ringtones/Hard_Bell.ogg 566831-567030
/product/media/audio/ringtones/Hasty.ogg 567031-567098
/product/media/audio/ringtones/Honed_by_PUBGMOBILE.ogg 567099-567287
/product/media/audio/ringtones/Kalimba.ogg 567288-567550
/product/media/audio/ringtones/Marbles.ogg 567551-567784
/product/media/audio/ringtones/Meaning_of_Life_Mix_by_PUBGMOBILE.ogg 567785-567914
/product/media/audio/ringtones/Megaton_by_PUBGMOBILE.ogg 567915-568050
/product/media/audio/ringtones/Old_Telephone.ogg 568051-568075
/product/media/audio/ringtones/Profound.ogg 568076-568212
/product/media/audio/ringtones/Pursue.ogg 568213-568347
/product/media/audio/ringtones/Reggae.ogg 568348-568528
/product/media/audio/ringtones/Sing.ogg 568529-568875
/product/media/audio/ringtones/Sonorous.ogg 568876-569097
/product/media/audio/ringtones/Tenderness.ogg 569098-569313
/product/media/audio/ringtones/Ticktack.ogg 569314-569405
/product/media/audio/ringtones/Tidal_Wave_by_PUBGMOBILE.ogg 569406-569582
/product/media/audio/ringtones/Together.ogg 569583-570048
/product/media/audio/ringtones/Trendy_Power_by_PUBGMOBILE.ogg 570049-570190
/product/media/audio/ringtones/Ukulele.ogg 570191-570302
/product/media/audio/ringtones/We_Wont_Stop_Mix_by_PUBGMOBILE.ogg 570303-570453
/product/media/audio/ui/Bootaudio.ogg 570454-570481
/product/media/audio/ui/Calculagraph.ogg 570482-570495
/product/media/audio/ui/Camera_Sequential.ogg 570496
/product/media/audio/ui/Camera_Timer_10sec.ogg 570497-570524
/product/media/audio/ui/Camera_Timer_3sec.ogg 570525-570548
/product/media/audio/ui/Camera_Timer_5sec.ogg 570549-570576
/product/media/audio/ui/Cobalt.ogg 570577-570582
/product/media/audio/ui/Disconnect.ogg 570583 570584
/product/media/audio/ui/Dock.ogg 570585
/product/media/audio/ui/Effect_Tick.ogg 570586
/product/media/audio/ui/Fail.ogg 570587-570594
/product/media/audio/ui/Gear.ogg 570595
/product/media/audio/ui/InCallNotification.ogg 570596
/product/media/audio/ui/KeypressDelete.ogg 570597
/product/media/audio/ui/KeypressInvalid.ogg 570598-570599
/product/media/audio/ui/KeypressReturn.ogg 570600
/product/media/audio/ui/KeypressSpacebar.ogg 570601
/product/media/audio/ui/KeypressStandard.ogg 570602
/product/media/audio/ui/Lock.ogg 570603-570604
/product/media/audio/ui/LowBattery.ogg 570605-570606
/product/media/audio/ui/Screenshots.ogg 570607
/product/media/audio/ui/Second_Hand.ogg 570608
/product/media/audio/ui/Sent_Success.ogg 570609-570614
/product/media/audio/ui/Shutaudio.ogg 570615-570619
/product/media/audio/ui/Success.ogg 570620-570626
/product/media/audio/ui/Trusted.ogg 570627
/product/media/audio/ui/Undock.ogg 570628-570629
/product/media/audio/ui/Unlock.ogg 570630-570634
/product/media/audio/ui/VideoRecord.ogg 570635
/product/media/audio/ui/VideoStop.ogg 570636
/product/media/audio/ui/WirelessChargingStarted.ogg 570637-570647
/product/media/audio/ui/beep_once.ogg 570648
/product/media/audio/ui/beep_twice.ogg 570649-570650
/product/media/audio/ui/camera_click.ogg 570651-570652
/product/media/audio/ui/camera_focus.ogg 570653
/product/media/audio/ui/camera_shutter.ogg 570654
/product/media/audio/ui/delete.ogg 570655-570659
/product/media/audio/ui/sent_message_success.ogg 570660-570662
/product/media/audio/ui/usb_effect.ogg 570663-570673
/product/media/audio/vibrates/Agogo.he 570674
/product/media/audio/vibrates/Air.he 570675
/product/media/audio/vibrates/Airship.he 570676
/product/media/audio/vibrates/Balafon.he 570677
/product/media/audio/vibrates/Beautiful_Arpeggio.he 570678
/product/media/audio/vibrates/Beep.he 570679
/product/media/audio/vibrates/Bell.he 570680
/product/media/audio/vibrates/Breezy.he 570681
/product/media/audio/vibrates/Bright.he 570682
/product/media/audio/vibrates/Brisk.he 570683
/product/media/audio/vibrates/Busy_Marimba.he 570684
/product/media/audio/vibrates/Cat.he 570685
/product/media/audio/vibrates/Cave_Drip.he 570686
/product/media/audio/vibrates/Chase.he 570687
/product/media/audio/vibrates/Chaste.he 570688
/product/media/audio/vibrates/Cheerful.he 570689
/product/media/audio/vibrates/Chord.he 570690
/product/media/audio/vibrates/Classical.he 570691
/product/media/audio/vibrates/Clear_Sky.he 570692
/product/media/audio/vibrates/Clock.he 570693
/product/media/audio/vibrates/Cool_Breeze.he 570694
/product/media/audio/vibrates/Cricket.he 570695
/product/media/audio/vibrates/Crisp.he 570696
/product/media/audio/vibrates/Cuckoo_Clock.he 570697
/product/media/audio/vibrates/Dainty.he 570698
/product/media/audio/vibrates/Dance.he 570699
/product/media/audio/vibrates/Dreamer.he 570700
/product/media/audio/vibrates/Dulcet_Tone.he 570701
/product/media/audio/vibrates/Eagerly.he 570702
/product/media/audio/vibrates/Echo.he 570703
/product/media/audio/vibrates/Electronic_Alarm.he 570704
/product/media/audio/vibrates/Electronic_Dance.he 570705
/product/media/audio/vibrates/Elegant.he 570706
/product/media/audio/vibrates/Elegant_Bright.he 570707
/product/media/audio/vibrates/Elegant_Excite.he 570708
/product/media/audio/vibrates/Elegant_Guitar.he 570709
/product/media/audio/vibrates/Elegant_Meek.he 570710
/product/media/audio/vibrates/Elegant_Pace.he 570711
/product/media/audio/vibrates/Elegant_Running.he 570712
/product/media/audio/vibrates/Elegant_Simple.he 570713
/product/media/audio/vibrates/Elegant_Soothing.he 570714
/product/media/audio/vibrates/Elegant_Treble.he 570715
/product/media/audio/vibrates/Elegant_bright.he 570716
/product/media/audio/vibrates/Elegant_simple.he 570717
/product/media/audio/vibrates/Elegantly.he 570718
/product/media/audio/vibrates/Emotion.he 570719
/product/media/audio/vibrates/Expectation-alarm.he 570720
/product/media/audio/vibrates/Expectation.he 570721
/product/media/audio/vibrates/Fast.he 570722
/product/media/audio/vibrates/Fast_Pace.he 570723
/product/media/audio/vibrates/Firm.he 570724
/product/media/audio/vibrates/Fixed_Telephone.he 570725
/product/media/audio/vibrates/Force.he 570726
/product/media/audio/vibrates/Funk.he 570727
/product/media/audio/vibrates/Germinate.he 570728
/product/media/audio/vibrates/Glittering.he 570729
/product/media/audio/vibrates/Grace.he 570730
/product/media/audio/vibrates/Guitar.he 570731
/product/media/audio/vibrates/Hard_Bell.he 570732
/product/media/audio/vibrates/Hasty.he 570733
/product/media/audio/vibrates/Interest.he 570734
/product/media/audio/vibrates/Interesting.he 570735
/product/media/audio/vibrates/Interstellar.he 570736
/product/media/audio/vibrates/Jingle.he 570737
/product/media/audio/vibrates/Kalimba.he 570738
/product/media/audio/vibrates/Kind.he 570739
/product/media/audio/vibrates/Laughter.he 570740
/product/media/audio/vibrates/Leisurely.he 570741
/product/media/audio/vibrates/Lithe.he 570742
/product/media/audio/vibrates/Lively.he 570743
/product/media/audio/vibrates/Lyricism.he 570744
/product/media/audio/vibrates/Marbles.he 570745
/product/media/audio/vibrates/Modulator.he 570746
/product/media/audio/vibrates/Myth.he 570747
/product/media/audio/vibrates/On_The_Way.he 570748
/product/media/audio/vibrates/Plan.he 570749
/product/media/audio/vibrates/Popular.he 570750
/product/media/audio/vibrates/Praise.he 570751
/product/media/audio/vibrates/Profound.he 570752
/product/media/audio/vibrates/Pulse_Signal.he 570753
/product/media/audio/vibrates/Pursue.he 570754
/product/media/audio/vibrates/Rain.he 570755
/product/media/audio/vibrates/Random_Notes.he 570756
/product/media/audio/vibrates/Rapid.he 570757
/product/media/audio/vibrates/Received_Signal.he 570758
/product/media/audio/vibrates/Refreshing.he 570759
/product/media/audio/vibrates/Reggae.he 570760
/product/media/audio/vibrates/Relax.he 570761
/product/media/audio/vibrates/Rise_Slowly.he 570762
/product/media/audio/vibrates/Rivulet.he 570763
/product/media/audio/vibrates/Row.he 570764
/product/media/audio/vibrates/Sing.he 570765
/product/media/audio/vibrates/Soft.he 570766
/product/media/audio/vibrates/Sonorous.he 570767
/product/media/audio/vibrates/Space_Signal.he 570768
/product/media/audio/vibrates/Spirited.he 570769
/product/media/audio/vibrates/Stimulation.he 570770
/product/media/audio/vibrates/Sunshine.he 570771
/product/media/audio/vibrates/Swing.he 570772
/product/media/audio/vibrates/Synth_Arpeggio.he 570773
/product/media/audio/vibrates/Tenderness.he 570774
/product/media/audio/vibrates/Thad_Wetland.he 570775
/product/media/audio/vibrates/Ticktack.he 570776
/product/media/audio/vibrates/Together.he 570777
/product/media/audio/vibrates/True_vibrate.he 570778
/product/media/audio/vibrates/Ukulele.he 570779
/product/media/audio/vibrates/Vigorous.he 570780
/product/media/audio/vibrates/Wireless.he 570781
/product/media/audio/vibrates/a_luozhu_15.he 570782
/product/media/audio/vibrates/n_biaozhun_15.he 570783
/product/media/audio/vibrates/n_dianbao_15.he 570784
/product/media/audio/vibrates/n_donggan_15.he 570785
/product/media/audio/vibrates/n_kuaisu_15.he 570786
/product/media/audio/vibrates/n_sanlianyin_15.he 570787
/product/media/audio/vibrates/n_xintiao_15.he 570788
/product/media/audio/vibrates/n_yaobai_15.he 570789
/product/media/audio/vibrates/r_luozhu_15.he 570790
/product/operator/app/Drive/Drive.apk 570791-579354
/product/operator/app/FM_FunBase/FM_FunBase.apk 579355-579700
/product/operator/app/GameSpace/GameSpace.apk 579701-602677
/product/operator/app/HealthLife/HealthLife.apk 602678-618729
/product/operator/app/OSFileManager/OSFileManager.apk 618730-622089
/product/operator/app/ThemesStub/ThemesStub.apk 622090-622092
/product/operator/app/TranssionCalculator/TranssionCalculator.apk 622093-623977
/product/operator/app/TranssionCalendar/TranssionCalendar.apk 623978-626994
/product/operator/app/TranssionSoundRecorder/TranssionSoundRecorder.apk 626995-629308
/product/operator/app/TranssionTheme/TranssionTheme.apk 629309-632115
/product/operator/app/TranssionTips/TranssionTips.apk 632116-634312
/product/operator/app/Videos/Videos.apk 634313-639501
/product/tranusf/config/hiber/hiber.json 639502-639504
/product/tranusf/config/wbs/tran_usf_wbs.json 639505
/product/usr/srec/en-US/CLG.prewalk.fst 639506-640161
/product/usr/srec/en-US/CONTACT.transform.mfar 640162-640165
/product/usr/srec/en-US/TERSE_LSTM_LM.lstm_lm.main_model.uint8.data 640166-640498
/product/usr/srec/en-US/TERSE_LSTM_LM.lstm_lm.self_normalized_model.uint8.data 640499-641060
/product/usr/srec/en-US/TERSE_LSTM_LM.lstm_lm.syms 641061-641197
/product/usr/srec/en-US/c_fst 641198-641236
/product/usr/srec/en-US/config.pumpkin 641237-641262
/product/usr/srec/en-US/dictation.config 641263-641264
/product/usr/srec/en-US/dnn 641265-641981
/product/usr/srec/en-US/embedded_class_denorm.mfar 641982-642083
/product/usr/srec/en-US/embedded_normalizer.mfar 642084-642111
/product/usr/srec/en-US/en-US_confirmation_confirmation-cancellation_TWIDDLER_FST.fst 642112
/product/usr/srec/en-US/en-US_gmm-actions_gmm-nav-actions_TWIDDLER_FST.fst 642113
/product/usr/srec/en-US/endpointer_model 642114-642117
/product/usr/srec/en-US/endpointer_model.mmap 642118-642121
/product/usr/srec/en-US/ep_portable_model.uint8.mmap 642122-642152
/product/usr/srec/en-US/g2p.data 642153-642399
/product/usr/srec/en-US/g2p_fst 642400-643141
/product/usr/srec/en-US/hmm_symbols 643142-643156
/product/usr/srec/en-US/hmmlist 643157-643164
/product/usr/srec/en-US/lexicon.U.fst 643165-643308
/product/usr/srec/en-US/lstm_model.uint8.data 643309-644403
/product/usr/srec/en-US/metadata 644404
/product/usr/srec/en-US/offensive_word_normalizer.mfar 644405-644461
/product/usr/srec/en-US/offline_action_data.pb 644462
/product/usr/srec/en-US/portable_lstm 644463-644584
/product/usr/srec/en-US/prons_exception_dictionary_file.txt 644585-644596
/product/usr/srec/en-US/pumpkin.mmap 644597-646859
/product/usr/srec/en-US/rescoring.fst.compact 646860-648072
/product/usr/srec/en-US/semantics.pumpkin 648073-648086
/product/usr/srec/en-US/verbalizer_terse.mfar 648087-648206
/product/usr/srec/en-US/voice_actions.config 648207-648208
/product/usr/srec/en-US/voice_actions_compiler.config 648209-648210
/product/usr/srec/en-US/wordlist.syms 648211-648355
/product/ManualPdf/ManualPdfs/GL/C/Manual.pdf 648356-650000
/product/ManualPdf/ManualPdfs/GL/F/Manual.pdf 650001-651645
/product/ManualPdf/ManualPdfs/IN/C/Manual.pdf 651646-652079
/product/ManualPdf/ManualPdfs/IN/F/Manual.pdf 652080-652513
/product/ManualPdf/ManualPdfs/KH/C/Manual.pdf 652514-652888
/product/ManualPdf/ManualPdfs/KH/F/Manual.pdf 652889-653263
/product/ManualPdf/ManualPdfs/MM/C/Manual.pdf 653264-653638
/product/ManualPdf/ManualPdfs/MM/F/Manual.pdf 653639-654013
/product/ManualPdf/ManualPdfs/MY/C/Manual.pdf 654014-654930
/product/ManualPdf/ManualPdfs/MY/F/Manual.pdf 654931-655847
/product/ManualPdf/ManualPdfs/RU/C/Manual.pdf 655848-656173
/product/ManualPdf/ManualPdfs/RU/F/Manual.pdf 656174-656499
/product/ManualPdf/ManualPdfs/SG/C/Manual.pdf 656500-657843
/product/ManualPdf/ManualPdfs/SG/F/Manual.pdf 657844-659187
/product/ManualPdf/ManualPdfs/VN/C/Manual.pdf 659188-660568
/product/ManualPdf/ManualPdfs/VN/F/Manual.pdf 660569-661949
/product/app/AIChargeProvider/oat/arm64/AIChargeProvider.odex 661950
/product/app/AICoreCV/oat/arm64/AICoreCV.odex 661951-661954
/product/app/AICoreCV/oat/arm64/AICoreCV.vdex 661955-661963
/product/app/AICoreLLM/oat/arm64/AICoreLLM.odex 661964-661967
/product/app/AICoreLLM/oat/arm64/AICoreLLM.vdex 661968-661976
/product/app/AICoreModelManager/oat/arm64/AICoreModelManager.odex 661977-661982
/product/app/AICoreModelManager/oat/arm64/AICoreModelManager.vdex 661983-662001
/product/app/AICoreOCR/oat/arm64/AICoreOCR.odex 662002-662009
/product/app/AICoreOCR/oat/arm64/AICoreOCR.vdex 662010-662032
/product/app/AICoreSpeech2.0/oat/arm64/AICoreSpeech2.0.odex 662033-662038
/product/app/AICoreSpeech2.0/oat/arm64/AICoreSpeech2.0.vdex 662039-662054
/product/app/AIwallpaper/oat/arm64/AIwallpaper.odex 662055-662066
/product/app/AIwallpaper/oat/arm64/AIwallpaper.vdex 662067-662105
/product/app/AirTransfer/oat/arm64/AirTransfer.odex 662106-662123
/product/app/AirTransfer/oat/arm64/AirTransfer.vdex 662124-662181
/product/app/AirshipWallpaper/oat/arm64/AirshipWallpaper.odex 662182-662187
/product/app/AirshipWallpaper/oat/arm64/AirshipWallpaper.vdex 662188-662206
/product/app/Chrome/oat/arm/Chrome.art 662207-662209
/product/app/Chrome/oat/arm/Chrome.odex 662210-662245
/product/app/Chrome/oat/arm/Chrome.vdex 662246-665144
/product/app/Chrome/oat/arm64/Chrome.art 665145-665147
/product/app/Chrome/oat/arm64/Chrome.odex 665148-665182
/product/app/Chrome/oat/arm64/Chrome.vdex 665183-668081
/product/app/ColorArtWallpaper/oat/arm64/ColorArtWallpaper.odex 668082-668089
/product/app/ColorArtWallpaper/oat/arm64/ColorArtWallpaper.vdex 668090-668113
/product/app/ConnectBase/oat/arm64/ConnectBase.odex 668114-668135
/product/app/ConnectBase/oat/arm64/ConnectBase.vdex 668136-668208
/product/app/CustomWallpaper/oat/arm64/CustomWallpaper.odex 668209-668217
/product/app/CustomWallpaper/oat/arm64/CustomWallpaper.vdex 668218-668244
/product/app/CvMatting/oat/arm64/CvMatting.odex 668245-668248
/product/app/CvMatting/oat/arm64/CvMatting.vdex 668249-668259
/product/app/DualApp/oat/arm64/DualApp.odex 668260-668263
/product/app/DualApp/oat/arm64/DualApp.vdex 668264-668273
/product/app/Gmail2/oat/arm64/Gmail2.odex 668274-668326
/product/app/Gmail2/oat/arm64/Gmail2.vdex 668327-676336
/product/app/GoogleCalendarSyncAdapter/oat/arm64/GoogleCalendarSyncAdapter.odex 676337-676344
/product/app/GoogleCalendarSyncAdapter/oat/arm64/GoogleCalendarSyncAdapter.vdex 676345-677133
/product/app/GoogleLocationHistory/oat/arm64/GoogleLocationHistory.odex 677134-677136
/product/app/GoogleLocationHistory/oat/arm64/GoogleLocationHistory.vdex 677137-677142
/product/app/LatinImeGoogle/oat/arm64/LatinImeGoogle.odex 677143-677159
/product/app/LatinImeGoogle/oat/arm64/LatinImeGoogle.vdex 677160-679444
/product/app/LiveCaption2.0/oat/arm64/LiveCaption2.0.odex 679445-679448
/product/app/LiveCaption2.0/oat/arm64/LiveCaption2.0.vdex 679449-679459
/product/app/Maps/oat/arm64/Maps.odex 679460-679522
/product/app/Maps/oat/arm64/Maps.vdex 679523-688288
/product/app/MechaPro/oat/arm64/MechaPro.odex 688289-688292
/product/app/MechaPro/oat/arm64/MechaPro.vdex 688293-688304
/product/app/Meet/oat/arm64/Meet.odex 688305-688336
/product/app/Meet/oat/arm64/Meet.vdex 688337-692629
/product/app/MondrianWallpaper/oat/arm64/MondrianWallpaper.odex 692630-692637
/product/app/MondrianWallpaper/oat/arm64/MondrianWallpaper.vdex 692638-692661
/product/app/NonFrameworkLbs/oat/arm64/NonFrameworkLbs.odex 692662
/product/app/Photos/oat/arm64/Photos.odex 692663-692712
/product/app/Photos/oat/arm64/Photos.vdex 692713-699163
/product/app/SaiboPro/oat/arm64/SaiboPro.odex 699164-699170
/product/app/SaiboPro/oat/arm64/SaiboPro.vdex 699171-699189
/product/app/SmartMessage/oat/arm64/SmartMessage.odex 699190-703854
/product/app/SmartMessage/oat/arm64/SmartMessage.vdex 703855-703914
/product/app/SpaceSaver/oat/arm64/SpaceSaver.odex 703915-703925
/product/app/SpaceSaver/oat/arm64/SpaceSaver.vdex 703926-703957
/product/app/SpacecraftWallpaper/oat/arm64/SpacecraftWallpaper.odex 703958-703963
/product/app/SpacecraftWallpaper/oat/arm64/SpacecraftWallpaper.vdex 703964-703982
/product/app/SpeechServicesByGoogle/oat/arm64/SpeechServicesByGoogle.odex 703983-703992
/product/app/SpeechServicesByGoogle/oat/arm64/SpeechServicesByGoogle.vdex 703993-704024
/product/app/ThemeWallpaper/oat/arm64/ThemeWallpaper.odex 704025-704031
/product/app/ThemeWallpaper/oat/arm64/ThemeWallpaper.vdex 704032-704053
/product/app/WebViewGoogle/oat/arm/WebViewGoogle.art 704054-704055
/product/app/WebViewGoogle/oat/arm/WebViewGoogle.odex 704056-704063
/product/app/WebViewGoogle/oat/arm/WebViewGoogle.vdex 704064-704540
/product/app/WebViewGoogle/oat/arm64/WebViewGoogle.art 704541-704542
/product/app/WebViewGoogle/oat/arm64/WebViewGoogle.odex 704543-704549
/product/app/WebViewGoogle/oat/arm64/WebViewGoogle.vdex 704550-705026
/product/app/YTMusic/oat/arm64/YTMusic.odex 705027-705075
/product/app/YTMusic/oat/arm64/YTMusic.vdex 705076-709191
/product/app/YouTube/oat/arm64/YouTube.odex 709192-709234
/product/app/YouTube/oat/arm64/YouTube.vdex 709235-715448
/product/app/pictorial_011_012/oat/arm64/pictorial_011_012.odex 715449-715458
/product/app/pictorial_011_012/oat/arm64/pictorial_011_012.vdex 715459-715489
/product/app/talkback/oat/arm64/talkback.odex 715490-715497
/product/app/talkback/oat/arm64/talkback.vdex 715498-716518
/product/etc/models/speech/config/1_general_config 716519
/product/etc/models/speech/data/language_data 716520
/product/priv-app/ARCore/oat/arm64/ARCore.odex 716521-716527
/product/priv-app/ARCore/oat/arm64/ARCore.vdex 716528-717381
/product/priv-app/AndroidAutoStub/oat/arm64/AndroidAutoStub.odex 717382-717384
/product/priv-app/AndroidAutoStub/oat/arm64/AndroidAutoStub.vdex 717385-717393
/product/priv-app/AndroidSystemIntelligence/oat/arm64/AndroidSystemIntelligence.odex 717394-717405
/product/priv-app/AndroidSystemIntelligence/oat/arm64/AndroidSystemIntelligence.vdex 717406-717442
/product/priv-app/ConfigUpdater/oat/arm64/ConfigUpdater.odex 717443-717444
/product/priv-app/ConfigUpdater/oat/arm64/ConfigUpdater.vdex 717445-717448
/product/priv-app/FilesGoogle/oat/arm64/FilesGoogle.odex 717449-717465
/product/priv-app/FilesGoogle/oat/arm64/FilesGoogle.vdex 717466-717522
/product/priv-app/GmsCore/m/independent/AndroidPlatformServices.apk 717523-720645
/product/priv-app/GmsCore/oat/arm/GmsCore.art 720646-720649
/product/priv-app/GmsCore/oat/arm/GmsCore.odex 720650-720806
/product/priv-app/GmsCore/oat/arm/GmsCore.vdex 720807-721309
/product/priv-app/GmsCore/oat/arm64/GmsCore.art 721310-721313
/product/priv-app/GmsCore/oat/arm64/GmsCore.odex 721314-721469
/product/priv-app/GmsCore/oat/arm64/GmsCore.vdex 721470-721972
/product/priv-app/GoogleOneTimeInitializer/oat/arm64/GoogleOneTimeInitializer.odex 721973
/product/priv-app/GooglePartnerSetup/oat/arm64/GooglePartnerSetup.odex 721974-721976
/product/priv-app/GooglePartnerSetup/oat/arm64/GooglePartnerSetup.vdex 721977-721983
/product/priv-app/GoogleRestore/oat/arm64/GoogleRestore.odex 721984-721994
/product/priv-app/GoogleRestore/oat/arm64/GoogleRestore.vdex 721995-722032
/product/priv-app/HotwordEnrollmentOKGoogleRISCV/oat/arm64/HotwordEnrollmentOKGoogleRISCV.odex 722033
/product/priv-app/HotwordEnrollmentXGoogleRISCV/oat/arm64/HotwordEnrollmentXGoogleRISCV.odex 722034
/product/priv-app/ImsServiceEntitlement/oat/arm64/ImsServiceEntitlement.odex 722035-722038
/product/priv-app/ImsServiceEntitlement/oat/arm64/ImsServiceEntitlement.vdex 722039-722050
/product/priv-app/MagicTouch/oat/arm64/MagicTouch.odex 722051-722052
/product/priv-app/MagicTouch/oat/arm64/MagicTouch.vdex 722053-722057
/product/priv-app/PersonalSafety/oat/arm64/PersonalSafety.odex 722058-722071
/product/priv-app/PersonalSafety/oat/arm64/PersonalSafety.vdex 722072-722120
/product/priv-app/Phonesky/oat/arm64/Phonesky.odex 722121-722166
/product/priv-app/Phonesky/oat/arm64/Phonesky.vdex 722167-722351
/product/priv-app/PrivateComputeServices/oat/arm64/PrivateComputeServices.odex 722352-722358
/product/priv-app/PrivateComputeServices/oat/arm64/PrivateComputeServices.vdex 722359-722378
/product/priv-app/SecurityCom/oat/arm64/SecurityCom.odex 722379-722381
/product/priv-app/SecurityCom/oat/arm64/SecurityCom.vdex 722382-722388
/product/priv-app/Velvet/oat/arm64/Velvet.odex 722389-722523
/product/priv-app/Velvet/oat/arm64/Velvet.vdex 722524-723022
/product/priv-app/Wellbeing/oat/arm64/Wellbeing.odex 723023-723034
/product/priv-app/Wellbeing/oat/arm64/Wellbeing.vdex 723035-723076
/product/settings_res/X6871/blue/fade_mode_1/data.json 723077
/product/settings_res/X6871/blue/fade_mode_2/data.json 723078
/product/settings_res/X6871/blue/fade_mode_3/data.json 723079
/product/settings_res/X6871/blue/fade_mode_4/data.json 723080
/product/settings_res/X6871/blue/fade_mode_5/data.json 723081
/product/settings_res/X6871/blue/fade_mode_6/data.json 723082
/product/settings_res/X6871/blue/fade_mode_7/data.json 723083
/product/settings_res/X6871/blue/fade_mode_8/data.json 723084
/product/settings_res/X6871/blue/meteors_mode_0/data.json 723085
/product/settings_res/X6871/blue/meteors_mode_1/data.json 723086
/product/settings_res/X6871/blue/meteors_mode_2/data.json 723087
/product/settings_res/X6871/blue/meteors_mode_3/data.json 723088
/product/settings_res/X6871/blue/meteors_mode_4/data.json 723089
/product/settings_res/X6871/blue/meteors_mode_5/data.json 723090
/product/settings_res/X6871/blue/meteors_mode_6/data.json 723091
/product/settings_res/X6871/blue/meteors_mode_7/data.json 723092
/product/settings_res/X6871/blue/rhythm_mode_0/data.json 723093
/product/settings_res/X6871/blue/rhythm_mode_1/data.json 723094
/product/settings_res/X6871/blue/rhythm_mode_2/data.json 723095
/product/settings_res/X6871/blue/rhythm_mode_3/data.json 723096
/product/settings_res/X6871/blue/rhythm_mode_4/data.json 723097
/product/settings_res/X6871/blue/rhythm_mode_5/data.json 723098
/product/settings_res/X6871/blue/rhythm_mode_6/data.json 723099
/product/settings_res/X6871/blue/rhythm_mode_7/data.json 723100
/product/settings_res/X6871/gray/fade_mode_1/data.json 723101
/product/settings_res/X6871/gray/fade_mode_2/data.json 723102
/product/settings_res/X6871/gray/fade_mode_3/data.json 723103
/product/settings_res/X6871/gray/fade_mode_4/data.json 723104
/product/settings_res/X6871/gray/fade_mode_5/data.json 723105
/product/settings_res/X6871/gray/fade_mode_6/data.json 723106
/product/settings_res/X6871/gray/fade_mode_7/data.json 723107
/product/settings_res/X6871/gray/fade_mode_8/data.json 723108
/product/settings_res/X6871/gray/meteors_mode_0/data.json 723109
/product/settings_res/X6871/gray/meteors_mode_1/data.json 723110
/product/settings_res/X6871/gray/meteors_mode_2/data.json 723111
/product/settings_res/X6871/gray/meteors_mode_3/data.json 723112
/product/settings_res/X6871/gray/meteors_mode_4/data.json 723113
/product/settings_res/X6871/gray/meteors_mode_5/data.json 723114
/product/settings_res/X6871/gray/meteors_mode_6/data.json 723115
/product/settings_res/X6871/gray/meteors_mode_7/data.json 723116
/product/settings_res/X6871/gray/rhythm_mode_0/data.json 723117
/product/settings_res/X6871/gray/rhythm_mode_1/data.json 723118
/product/settings_res/X6871/gray/rhythm_mode_2/data.json 723119
/product/settings_res/X6871/gray/rhythm_mode_3/data.json 723120
/product/settings_res/X6871/gray/rhythm_mode_4/data.json 723121
/product/settings_res/X6871/gray/rhythm_mode_5/data.json 723122
/product/settings_res/X6871/gray/rhythm_mode_6/data.json 723123
/product/settings_res/X6871/gray/rhythm_mode_7/data.json 723124
/product/settings_res/X6871/yellow/fade_mode_1/data.json 723125
/product/settings_res/X6871/yellow/fade_mode_2/data.json 723126
/product/settings_res/X6871/yellow/fade_mode_3/data.json 723127
/product/settings_res/X6871/yellow/fade_mode_4/data.json 723128
/product/settings_res/X6871/yellow/fade_mode_5/data.json 723129
/product/settings_res/X6871/yellow/fade_mode_6/data.json 723130
/product/settings_res/X6871/yellow/fade_mode_7/data.json 723131
/product/settings_res/X6871/yellow/fade_mode_8/data.json 723132
/product/settings_res/X6871/yellow/meteors_mode_0/data.json 723133
/product/settings_res/X6871/yellow/meteors_mode_1/data.json 723134
/product/settings_res/X6871/yellow/meteors_mode_2/data.json 723135
/product/settings_res/X6871/yellow/meteors_mode_3/data.json 723136
/product/settings_res/X6871/yellow/meteors_mode_4/data.json 723137
/product/settings_res/X6871/yellow/meteors_mode_5/data.json 723138
/product/settings_res/X6871/yellow/meteors_mode_6/data.json 723139
/product/settings_res/X6871/yellow/meteors_mode_7/data.json 723140
/product/settings_res/X6871/yellow/rhythm_mode_0/data.json 723141
/product/settings_res/X6871/yellow/rhythm_mode_1/data.json 723142
/product/settings_res/X6871/yellow/rhythm_mode_2/data.json 723143
/product/settings_res/X6871/yellow/rhythm_mode_3/data.json 723144
/product/settings_res/X6871/yellow/rhythm_mode_4/data.json 723145
/product/settings_res/X6871/yellow/rhythm_mode_5/data.json 723146
/product/settings_res/X6871/yellow/rhythm_mode_6/data.json 723147
/product/settings_res/X6871/yellow/rhythm_mode_7/data.json 723148
/product/theme/lockscreen/magazine/country/magazine_lang.txt 723149-723154
/product/etc/models/speech/model/asr/1_transsion_ar.zip 723155-737047
/product/etc/models/speech/model/asr/1_transsion_en.zip 737048-750254
/product/etc/models/speech/model/asr/1_transsion_fr.zip 750255-763537
/product/etc/models/speech/model/mnt/1_transsion_ar.zip 763538-772070
/product/etc/models/speech/model/mnt/1_transsion_fr.zip 772071-780887
/product/etc/models/speech/model/punc/1_transsion_ar.zip 780888-781558
/product/etc/models/speech/model/punc/1_transsion_en.zip 781559-782399
/product/etc/models/speech/model/punc/1_transsion_fr.zip 782400-783250
/product/etc/models/speech/model/vad/1_transsion_vad.zip 783251-783260
/product/operator/app/Drive/oat/arm64/Drive.odex 783261-783288
/product/operator/app/Drive/oat/arm64/Drive.vdex 783289-787221
/product/operator/app/FM_FunBase/oat/arm64/FM_FunBase.odex 787222-787223
/product/operator/app/FM_FunBase/oat/arm64/FM_FunBase.vdex 787224-787228
/product/operator/app/GameSpace/oat/arm64/GameSpace.odex 787229-787243
/product/operator/app/GameSpace/oat/arm64/GameSpace.vdex 787244-787291
/product/operator/app/HealthLife/oat/arm64/HealthLife.odex 787292-795854
/product/operator/app/HealthLife/oat/arm64/HealthLife.vdex 795855-800107
/product/operator/app/OSFileManager/oat/arm64/OSFileManager.odex 800108-800118
/product/operator/app/OSFileManager/oat/arm64/OSFileManager.vdex 800119-800153
/product/operator/app/TranssionCalculator/oat/arm64/TranssionCalculator.odex 800154-800161
/product/operator/app/TranssionCalculator/oat/arm64/TranssionCalculator.vdex 800162-800185
/product/operator/app/TranssionCalendar/oat/arm64/TranssionCalendar.odex 800186-800194
/product/operator/app/TranssionCalendar/oat/arm64/TranssionCalendar.vdex 800195-800223
/product/operator/app/TranssionSoundRecorder/oat/arm64/TranssionSoundRecorder.odex 800224-800233
/product/operator/app/TranssionSoundRecorder/oat/arm64/TranssionSoundRecorder.vdex 800234-800265
/product/operator/app/TranssionTheme/oat/arm64/TranssionTheme.odex 800266-800277
/product/operator/app/TranssionTheme/oat/arm64/TranssionTheme.vdex 800278-800316
/product/operator/app/Videos/oat/arm64/Videos.odex 800317-800338
/product/operator/app/Videos/oat/arm64/Videos.vdex 800339-803140
/product/settings_res/X6871/blue/breathe_mode_0/images/img_0.png 803141
/product/settings_res/X6871/blue/breathe_mode_0/images/img_1.png 803142-803217
/product/settings_res/X6871/blue/breathe_mode_1/images/img_0.png 803218
/product/settings_res/X6871/blue/breathe_mode_1/images/img_1.png 803219-803294
/product/settings_res/X6871/blue/breathe_mode_2/images/img_0.png 803295-803298
/product/settings_res/X6871/blue/breathe_mode_2/images/img_1.png 803299-803374
/product/settings_res/X6871/blue/breathe_mode_3/images/img_0.png 803375-803379
/product/settings_res/X6871/blue/breathe_mode_3/images/img_1.png 803380-803455
/product/settings_res/X6871/blue/breathe_mode_4/images/img_0.png 803456-803459
/product/settings_res/X6871/blue/breathe_mode_4/images/img_1.png 803460-803535
/product/settings_res/X6871/blue/breathe_mode_5/images/img_0.png 803536-803540
/product/settings_res/X6871/blue/breathe_mode_5/images/img_1.png 803541-803616
/product/settings_res/X6871/blue/breathe_mode_6/images/img_0.png 803617-803619
/product/settings_res/X6871/blue/breathe_mode_6/images/img_1.png 803620-803695
/product/settings_res/X6871/blue/breathe_mode_7/images/img_0.png 803696-803697
/product/settings_res/X6871/blue/breathe_mode_7/images/img_1.png 803698-803699
/product/settings_res/X6871/blue/breathe_mode_7/images/img_2.png 803700
/product/settings_res/X6871/blue/breathe_mode_7/images/img_3.png 803701
/product/settings_res/X6871/blue/breathe_mode_7/images/img_4.png 803702-803777
/product/settings_res/X6871/blue/fade_mode_0/images/img_0.png 803778-803779
/product/settings_res/X6871/blue/fade_mode_0/images/img_1.png 803780-803781
/product/settings_res/X6871/blue/fade_mode_0/images/img_2.png 803782
/product/settings_res/X6871/blue/fade_mode_0/images/img_3.png 803783
/product/settings_res/X6871/blue/fade_mode_0/images/img_4.png 803784-803859
/product/settings_res/X6871/blue/fade_mode_1/images/img_0.png 803860
/product/settings_res/X6871/blue/fade_mode_1/images/img_1.png 803861-803862
/product/settings_res/X6871/blue/fade_mode_1/images/img_2.png 803863-803864
/product/settings_res/X6871/blue/fade_mode_1/images/img_3.png 803865
/product/settings_res/X6871/blue/fade_mode_1/images/img_4.png 803866-803941
/product/settings_res/X6871/blue/fade_mode_2/images/img_0.png 803942-803943
/product/settings_res/X6871/blue/fade_mode_2/images/img_1.png 803944-803945
/product/settings_res/X6871/blue/fade_mode_2/images/img_2.png 803946
/product/settings_res/X6871/blue/fade_mode_2/images/img_3.png 803947
/product/settings_res/X6871/blue/fade_mode_2/images/img_4.png 803948-804023
/product/settings_res/X6871/blue/fade_mode_3/images/img_0.png 804024-804025
/product/settings_res/X6871/blue/fade_mode_3/images/img_1.png 804026-804027
/product/settings_res/X6871/blue/fade_mode_3/images/img_2.png 804028
/product/settings_res/X6871/blue/fade_mode_3/images/img_3.png 804029
/product/settings_res/X6871/blue/fade_mode_4/images/img_0.png 804030-804031
/product/settings_res/X6871/blue/fade_mode_4/images/img_1.png 804032-804033
/product/settings_res/X6871/blue/fade_mode_4/images/img_2.png 804034
/product/settings_res/X6871/blue/fade_mode_4/images/img_3.png 804035
/product/settings_res/X6871/blue/fade_mode_4/images/img_4.png 804036-804111
/product/settings_res/X6871/blue/fade_mode_5/images/img_0.png 804112-804113
/product/settings_res/X6871/blue/fade_mode_5/images/img_1.png 804114-804115
/product/settings_res/X6871/blue/fade_mode_5/images/img_2.png 804116
/product/settings_res/X6871/blue/fade_mode_5/images/img_3.png 804117
/product/settings_res/X6871/blue/fade_mode_5/images/img_4.png 804118-804193
/product/settings_res/X6871/blue/fade_mode_6/images/img_0.png 804194-804195
/product/settings_res/X6871/blue/fade_mode_6/images/img_1.png 804196-804197
/product/settings_res/X6871/blue/fade_mode_6/images/img_2.png 804198
/product/settings_res/X6871/blue/fade_mode_6/images/img_3.png 804199
/product/settings_res/X6871/blue/fade_mode_6/images/img_4.png 804200-804275
/product/settings_res/X6871/blue/fade_mode_7/images/img_0.png 804276-804277
/product/settings_res/X6871/blue/fade_mode_7/images/img_1.png 804278-804279
/product/settings_res/X6871/blue/fade_mode_7/images/img_2.png 804280
/product/settings_res/X6871/blue/fade_mode_7/images/img_3.png 804281
/product/settings_res/X6871/blue/fade_mode_7/images/img_4.png 804282-804357
/product/settings_res/X6871/blue/fade_mode_8/images/img_0.png 804358-804359
/product/settings_res/X6871/blue/fade_mode_8/images/img_1.png 804360-804361
/product/settings_res/X6871/blue/fade_mode_8/images/img_2.png 804362
/product/settings_res/X6871/blue/fade_mode_8/images/img_3.png 804363
/product/settings_res/X6871/blue/fade_mode_8/images/img_4.png 804364-804439
/product/settings_res/X6871/blue/meteors_mode_0/images/img_0.png 804440-804478
/product/settings_res/X6871/blue/meteors_mode_0/images/img_1.png 804479
/product/settings_res/X6871/blue/meteors_mode_0/images/img_2.png 804480-804555
/product/settings_res/X6871/blue/meteors_mode_1/images/img_0.png 804556-804594
/product/settings_res/X6871/blue/meteors_mode_1/images/img_1.png 804595
/product/settings_res/X6871/blue/meteors_mode_1/images/img_2.png 804596-804671
/product/settings_res/X6871/blue/meteors_mode_2/images/img_0.png 804672-804710
/product/settings_res/X6871/blue/meteors_mode_2/images/img_1.png 804711-804714
/product/settings_res/X6871/blue/meteors_mode_2/images/img_2.png 804715-804790
/product/settings_res/X6871/blue/meteors_mode_3/images/img_0.png 804791-804829 804830
/product/settings_res/X6871/blue/meteors_mode_3/images/img_1.png 804831-804835
/product/settings_res/X6871/blue/meteors_mode_3/images/img_2.png 804836-804911
/product/settings_res/X6871/blue/meteors_mode_4/images/img_0.png 804912-804950
/product/settings_res/X6871/blue/meteors_mode_4/images/img_1.png 804951-804954
/product/settings_res/X6871/blue/meteors_mode_4/images/img_2.png 804955-805030
/product/settings_res/X6871/blue/meteors_mode_5/images/img_0.png 805031-805070
/product/settings_res/X6871/blue/meteors_mode_5/images/img_1.png 805071-805075
/product/settings_res/X6871/blue/meteors_mode_5/images/img_2.png 805076-805151
/product/settings_res/X6871/blue/meteors_mode_6/images/img_0.png 805152-805190
/product/settings_res/X6871/blue/meteors_mode_6/images/img_1.png 805191-805193
/product/settings_res/X6871/blue/meteors_mode_6/images/img_2.png 805194-805269
/product/settings_res/X6871/blue/meteors_mode_7/images/img_0.png 805270-805308
/product/settings_res/X6871/blue/meteors_mode_7/images/img_1.png 805309-805313
/product/settings_res/X6871/blue/meteors_mode_7/images/img_2.png 805314-805389
/product/settings_res/X6871/blue/rhythm_mode_0/images/img_0.png 805390-805465
/product/settings_res/X6871/blue/rhythm_mode_1/images/img_0.png 805466-805541
/product/settings_res/X6871/blue/rhythm_mode_2/images/img_0.png 805542-805545
/product/settings_res/X6871/blue/rhythm_mode_2/images/img_1.png 805546-805621
/product/settings_res/X6871/blue/rhythm_mode_3/images/img_0.png 805622-805626
/product/settings_res/X6871/blue/rhythm_mode_3/images/img_1.png 805627-805702
/product/settings_res/X6871/blue/rhythm_mode_4/images/img_0.png 805703-805706
/product/settings_res/X6871/blue/rhythm_mode_4/images/img_1.png 805707-805782
/product/settings_res/X6871/blue/rhythm_mode_5/images/img_0.png 805783-805787
/product/settings_res/X6871/blue/rhythm_mode_5/images/img_1.png 805788-805863
/product/settings_res/X6871/blue/rhythm_mode_6/images/img_0.png 805864-805868
/product/settings_res/X6871/blue/rhythm_mode_6/images/img_1.png 805869-805944
/product/settings_res/X6871/blue/rhythm_mode_7/images/img_0.png 805945-805946
/product/settings_res/X6871/blue/rhythm_mode_7/images/img_1.png 805947
/product/settings_res/X6871/blue/rhythm_mode_7/images/img_2.png 805948
/product/settings_res/X6871/blue/rhythm_mode_7/images/img_3.png 805949-805950
/product/settings_res/X6871/blue/rhythm_mode_7/images/img_4.png 805951-806026
/product/settings_res/X6871/gray/breathe_mode_0/images/img_0.png 806027
/product/settings_res/X6871/gray/breathe_mode_0/images/img_1.png 806028-806103
/product/settings_res/X6871/gray/breathe_mode_1/images/img_0.png 806104-806105
/product/settings_res/X6871/gray/breathe_mode_1/images/img_1.png 806106-806181
/product/settings_res/X6871/gray/breathe_mode_2/images/img_0.png 806182-806186
/product/settings_res/X6871/gray/breathe_mode_2/images/img_1.png 806187-806262
/product/settings_res/X6871/gray/breathe_mode_3/images/img_0.png 806263-806267
/product/settings_res/X6871/gray/breathe_mode_3/images/img_1.png 806268-806343
/product/settings_res/X6871/gray/breathe_mode_4/images/img_0.png 806344-806347
/product/settings_res/X6871/gray/breathe_mode_4/images/img_1.png 806348-806423
/product/settings_res/X6871/gray/breathe_mode_5/images/img_0.png 806424-806427
/product/settings_res/X6871/gray/breathe_mode_5/images/img_1.png 806428-806503
/product/settings_res/X6871/gray/breathe_mode_6/images/img_0.png 806504-806508
/product/settings_res/X6871/gray/breathe_mode_6/images/img_1.png 806509-806584
/product/settings_res/X6871/gray/breathe_mode_7/images/img_0.png 806585-806589
/product/settings_res/X6871/gray/breathe_mode_7/images/img_1.png 806590-806593
/product/settings_res/X6871/gray/breathe_mode_7/images/img_2.png 806594-806598
/product/settings_res/X6871/gray/breathe_mode_7/images/img_3.png 806599-806603
/product/settings_res/X6871/gray/breathe_mode_7/images/img_4.png 806604-806679
/product/settings_res/X6871/gray/fade_mode_0/images/img_0.png 806680-806681
/product/settings_res/X6871/gray/fade_mode_0/images/img_1.png 806682-806683
/product/settings_res/X6871/gray/fade_mode_0/images/img_2.png 806684-806685
/product/settings_res/X6871/gray/fade_mode_0/images/img_3.png 806686-806687
/product/settings_res/X6871/gray/fade_mode_0/images/img_4.png 806688-806763
/product/settings_res/X6871/gray/fade_mode_1/images/img_0.png 806764-806765
/product/settings_res/X6871/gray/fade_mode_1/images/img_1.png 806766-806767
/product/settings_res/X6871/gray/fade_mode_1/images/img_2.png 806768-806769
/product/settings_res/X6871/gray/fade_mode_1/images/img_3.png 806770-806771
/product/settings_res/X6871/gray/fade_mode_1/images/img_4.png 806772-806847
/product/settings_res/X6871/gray/fade_mode_2/images/img_0.png 806848-806849
/product/settings_res/X6871/gray/fade_mode_2/images/img_1.png 806850-806851
/product/settings_res/X6871/gray/fade_mode_2/images/img_2.png 806852-806853
/product/settings_res/X6871/gray/fade_mode_2/images/img_3.png 806854-806855
/product/settings_res/X6871/gray/fade_mode_2/images/img_4.png 806856-806857
/product/settings_res/X6871/gray/fade_mode_2/images/img_5.png 806858-806859
/product/settings_res/X6871/gray/fade_mode_2/images/img_6.png 806860-806935
/product/settings_res/X6871/gray/fade_mode_3/images/img_0.png 806936-806937
/product/settings_res/X6871/gray/fade_mode_3/images/img_1.png 806938-806939
/product/settings_res/X6871/gray/fade_mode_3/images/img_2.png 806940-806941
/product/settings_res/X6871/gray/fade_mode_3/images/img_3.png 806942-806943
/product/settings_res/X6871/gray/fade_mode_3/images/img_4.png 806944-807019
/product/settings_res/X6871/gray/fade_mode_4/images/img_0.png 807020-807021
/product/settings_res/X6871/gray/fade_mode_4/images/img_1.png 807022-807023
/product/settings_res/X6871/gray/fade_mode_4/images/img_2.png 807024-807025
/product/settings_res/X6871/gray/fade_mode_4/images/img_3.png 807026-807027
/product/settings_res/X6871/gray/fade_mode_4/images/img_4.png 807028-807103
/product/settings_res/X6871/gray/fade_mode_5/images/img_0.png 807104-807105
/product/settings_res/X6871/gray/fade_mode_5/images/img_1.png 807106-807107
/product/settings_res/X6871/gray/fade_mode_5/images/img_2.png 807108-807109
/product/settings_res/X6871/gray/fade_mode_5/images/img_3.png 807110-807111
/product/settings_res/X6871/gray/fade_mode_5/images/img_4.png 807112-807187
/product/settings_res/X6871/gray/fade_mode_6/images/img_0.png 807188-807189
/product/settings_res/X6871/gray/fade_mode_6/images/img_1.png 807190-807191
/product/settings_res/X6871/gray/fade_mode_6/images/img_2.png 807192-807193
/product/settings_res/X6871/gray/fade_mode_6/images/img_3.png 807194-807195
/product/settings_res/X6871/gray/fade_mode_6/images/img_4.png 807196-807271
/product/settings_res/X6871/gray/fade_mode_7/images/img_0.png 807272-807273
/product/settings_res/X6871/gray/fade_mode_7/images/img_1.png 807274-807275
/product/settings_res/X6871/gray/fade_mode_7/images/img_2.png 807276-807277
/product/settings_res/X6871/gray/fade_mode_7/images/img_3.png 807278-807279
/product/settings_res/X6871/gray/fade_mode_7/images/img_4.png 807280-807355
/product/settings_res/X6871/gray/fade_mode_8/images/img_0.png 807356-807357
/product/settings_res/X6871/gray/fade_mode_8/images/img_1.png 807358-807359
/product/settings_res/X6871/gray/fade_mode_8/images/img_2.png 807360-807361
/product/settings_res/X6871/gray/fade_mode_8/images/img_3.png 807362-807363
/product/settings_res/X6871/gray/fade_mode_8/images/img_4.png 807364-807439
/product/settings_res/X6871/gray/meteors_mode_0/images/img_0.png 807440-807478
/product/settings_res/X6871/gray/meteors_mode_0/images/img_1.png 807479
/product/settings_res/X6871/gray/meteors_mode_0/images/img_2.png 807480-807555
/product/settings_res/X6871/gray/meteors_mode_1/images/img_0.png 807556-807594
/product/settings_res/X6871/gray/meteors_mode_1/images/img_1.png 807595-807596
/product/settings_res/X6871/gray/meteors_mode_1/images/img_2.png 807597-807672
/product/settings_res/X6871/gray/meteors_mode_2/images/img_0.png 807673-807711
/product/settings_res/X6871/gray/meteors_mode_2/images/img_1.png 807712-807716
/product/settings_res/X6871/gray/meteors_mode_2/images/img_2.png 807717-807792
/product/settings_res/X6871/gray/meteors_mode_3/images/img_0.png 807793-807831
/product/settings_res/X6871/gray/meteors_mode_3/images/img_1.png 807832-807836
/product/settings_res/X6871/gray/meteors_mode_3/images/img_2.png 807837-807912
/product/settings_res/X6871/gray/meteors_mode_4/images/img_0.png 807913-807952
/product/settings_res/X6871/gray/meteors_mode_4/images/img_1.png 807953-807957
/product/settings_res/X6871/gray/meteors_mode_4/images/img_2.png 807958-808033
/product/settings_res/X6871/gray/meteors_mode_5/images/img_0.png 808034-808072
/product/settings_res/X6871/gray/meteors_mode_5/images/img_1.png 808073-808077
/product/settings_res/X6871/gray/meteors_mode_5/images/img_2.png 808078-808153
/product/settings_res/X6871/gray/meteors_mode_6/images/img_0.png 808154-808193
/product/settings_res/X6871/gray/meteors_mode_6/images/img_1.png 808194-808198
/product/settings_res/X6871/gray/meteors_mode_6/images/img_2.png 808199-808274
/product/settings_res/X6871/gray/meteors_mode_7/images/img_0.png 808275-808313
/product/settings_res/X6871/gray/meteors_mode_7/images/img_1.png 808314-808318
/product/settings_res/X6871/gray/meteors_mode_7/images/img_2.png 808319-808394
/product/settings_res/X6871/gray/rhythm_mode_0/images/img_0.png 808395-808470
/product/settings_res/X6871/gray/rhythm_mode_1/images/img_0.png 808471-808546
/product/settings_res/X6871/gray/rhythm_mode_2/images/img_0.png 808547-808551
/product/settings_res/X6871/gray/rhythm_mode_2/images/img_1.png 808552-808627
/product/settings_res/X6871/gray/rhythm_mode_3/images/img_0.png 808628-808632
/product/settings_res/X6871/gray/rhythm_mode_3/images/img_1.png 808633-808708
/product/settings_res/X6871/gray/rhythm_mode_4/images/img_0.png 808709-808713
/product/settings_res/X6871/gray/rhythm_mode_4/images/img_1.png 808714-808789
/product/settings_res/X6871/gray/rhythm_mode_5/images/img_0.png 808790-808794
/product/settings_res/X6871/gray/rhythm_mode_5/images/img_1.png 808795-808870
/product/settings_res/X6871/gray/rhythm_mode_6/images/img_0.png 808871-808875
/product/settings_res/X6871/gray/rhythm_mode_6/images/img_1.png 808876-808951
/product/settings_res/X6871/gray/rhythm_mode_7/images/img_0.png 808952-808953
/product/settings_res/X6871/gray/rhythm_mode_7/images/img_1.png 808954-808955
/product/settings_res/X6871/gray/rhythm_mode_7/images/img_2.png 808956-808957
/product/settings_res/X6871/gray/rhythm_mode_7/images/img_3.png 808958-808959
/product/settings_res/X6871/gray/rhythm_mode_7/images/img_4.png 808960-809035
/product/settings_res/X6871/yellow/breathe_mode_0/images/img_0.png 809036
/product/settings_res/X6871/yellow/breathe_mode_0/images/img_1.png 809037-809112
/product/settings_res/X6871/yellow/breathe_mode_1/images/img_0.png 809113-809114
/product/settings_res/X6871/yellow/breathe_mode_1/images/img_1.png 809115-809190
/product/settings_res/X6871/yellow/breathe_mode_2/images/img_0.png 809191-809195
/product/settings_res/X6871/yellow/breathe_mode_2/images/img_1.png 809196-809271
/product/settings_res/X6871/yellow/breathe_mode_3/images/img_0.png 809272-809276
/product/settings_res/X6871/yellow/breathe_mode_3/images/img_1.png 809277-809352
/product/settings_res/X6871/yellow/breathe_mode_4/images/img_0.png 809353-809357
/product/settings_res/X6871/yellow/breathe_mode_4/images/img_1.png 809358-809433
/product/settings_res/X6871/yellow/breathe_mode_5/images/img_0.png 809434-809438
/product/settings_res/X6871/yellow/breathe_mode_5/images/img_1.png 809439-809514
/product/settings_res/X6871/yellow/breathe_mode_6/images/img_0.png 809515-809519
/product/settings_res/X6871/yellow/breathe_mode_6/images/img_1.png 809520-809595
/product/settings_res/X6871/yellow/breathe_mode_7/images/img_0.png 809596-809597
/product/settings_res/X6871/yellow/breathe_mode_7/images/img_1.png 809598-809599
/product/settings_res/X6871/yellow/breathe_mode_7/images/img_2.png 809600-809601
/product/settings_res/X6871/yellow/breathe_mode_7/images/img_3.png 809602-809603
/product/settings_res/X6871/yellow/fade_mode_0/images/img_0.png 809604-809605
/product/settings_res/X6871/yellow/fade_mode_0/images/img_1.png 809606-809607
/product/settings_res/X6871/yellow/fade_mode_0/images/img_2.png 809608-809609
/product/settings_res/X6871/yellow/fade_mode_0/images/img_3.png 809610-809685
/product/settings_res/X6871/yellow/fade_mode_1/images/img_0.png 809686-809687
/product/settings_res/X6871/yellow/fade_mode_1/images/img_1.png 809688-809689
/product/settings_res/X6871/yellow/fade_mode_1/images/img_2.png 809690-809691
/product/settings_res/X6871/yellow/fade_mode_1/images/img_3.png 809692-809693
/product/settings_res/X6871/yellow/fade_mode_1/images/img_4.png 809694-809769
/product/settings_res/X6871/yellow/fade_mode_2/images/img_0.png 809770-809771
/product/settings_res/X6871/yellow/fade_mode_2/images/img_1.png 809772-809773
/product/settings_res/X6871/yellow/fade_mode_2/images/img_2.png 809774-809775
/product/settings_res/X6871/yellow/fade_mode_2/images/img_3.png 809776-809777
/product/settings_res/X6871/yellow/fade_mode_2/images/img_4.png 809778-809853
/product/settings_res/X6871/yellow/fade_mode_3/images/img_0.png 809854-809855
/product/settings_res/X6871/yellow/fade_mode_3/images/img_1.png 809856-809857
/product/settings_res/X6871/yellow/fade_mode_3/images/img_2.png 809858-809859
/product/settings_res/X6871/yellow/fade_mode_3/images/img_3.png 809860-809861
/product/settings_res/X6871/yellow/fade_mode_4/images/img_0.png 809862-809863
/product/settings_res/X6871/yellow/fade_mode_4/images/img_1.png 809864-809865
/product/settings_res/X6871/yellow/fade_mode_4/images/img_2.png 809866-809867
/product/settings_res/X6871/yellow/fade_mode_4/images/img_3.png 809868-809869
/product/settings_res/X6871/yellow/fade_mode_4/images/img_4.png 809870-809945
/product/settings_res/X6871/yellow/fade_mode_5/images/img_0.png 809946-809947
/product/settings_res/X6871/yellow/fade_mode_5/images/img_1.png 809948-809949
/product/settings_res/X6871/yellow/fade_mode_5/images/img_2.png 809950-809951
/product/settings_res/X6871/yellow/fade_mode_5/images/img_3.png 809952-809953
/product/settings_res/X6871/yellow/fade_mode_5/images/img_4.png 809954-810029
/product/settings_res/X6871/yellow/fade_mode_6/images/img_0.png 810030-810031
/product/settings_res/X6871/yellow/fade_mode_6/images/img_1.png 810032-810033
/product/settings_res/X6871/yellow/fade_mode_6/images/img_2.png 810034-810035
/product/settings_res/X6871/yellow/fade_mode_6/images/img_3.png 810036-810037
/product/settings_res/X6871/yellow/fade_mode_6/images/img_4.png 810038-810113
/product/settings_res/X6871/yellow/fade_mode_7/images/img_0.png 810114-810115
/product/settings_res/X6871/yellow/fade_mode_7/images/img_1.png 810116-810117
/product/settings_res/X6871/yellow/fade_mode_7/images/img_2.png 810118-810119
/product/settings_res/X6871/yellow/fade_mode_7/images/img_3.png 810120-810121
/product/settings_res/X6871/yellow/fade_mode_7/images/img_4.png 810122-810197
/product/settings_res/X6871/yellow/fade_mode_8/images/img_0.png 810198-810199
/product/settings_res/X6871/yellow/fade_mode_8/images/img_1.png 810200-810201
/product/settings_res/X6871/yellow/fade_mode_8/images/img_2.png 810202-810203
/product/settings_res/X6871/yellow/fade_mode_8/images/img_3.png 810204-810205
/product/settings_res/X6871/yellow/fade_mode_8/images/img_4.png 810206-810281
/product/settings_res/X6871/yellow/meteors_mode_0/images/img_0.png 810282-810321
/product/settings_res/X6871/yellow/meteors_mode_0/images/img_1.png 810322
/product/settings_res/X6871/yellow/meteors_mode_0/images/img_2.png 810323-810398
/product/settings_res/X6871/yellow/meteors_mode_1/images/img_0.png 810399-810438
/product/settings_res/X6871/yellow/meteors_mode_1/images/img_1.png 810439-810440
/product/settings_res/X6871/yellow/meteors_mode_1/images/img_2.png 810441-810516
/product/settings_res/X6871/yellow/meteors_mode_2/images/img_0.png 810517-810555 810556
/product/settings_res/X6871/yellow/meteors_mode_2/images/img_1.png 810557-810561
/product/settings_res/X6871/yellow/meteors_mode_2/images/img_2.png 810562-810637
/product/settings_res/X6871/yellow/meteors_mode_3/images/img_0.png 810638-810677
/product/settings_res/X6871/yellow/meteors_mode_3/images/img_1.png 810678-810682
/product/settings_res/X6871/yellow/meteors_mode_3/images/img_2.png 810683-810758
/product/settings_res/X6871/yellow/meteors_mode_4/images/img_0.png 810759-810798
/product/settings_res/X6871/yellow/meteors_mode_4/images/img_1.png 810799-810803
/product/settings_res/X6871/yellow/meteors_mode_4/images/img_2.png 810804-810879
/product/settings_res/X6871/yellow/meteors_mode_5/images/img_0.png 810880-810918
/product/settings_res/X6871/yellow/meteors_mode_5/images/img_1.png 810919-810923
/product/settings_res/X6871/yellow/meteors_mode_5/images/img_2.png 810924-810999
/product/settings_res/X6871/yellow/meteors_mode_6/images/img_0.png 811000-811038
/product/settings_res/X6871/yellow/meteors_mode_6/images/img_1.png 811039-811043
/product/settings_res/X6871/yellow/meteors_mode_6/images/img_2.png 811044-811119
/product/settings_res/X6871/yellow/meteors_mode_7/images/img_0.png 811120-811158
/product/settings_res/X6871/yellow/meteors_mode_7/images/img_1.png 811159-811163
/product/settings_res/X6871/yellow/meteors_mode_7/images/img_2.png 811164-811239
/product/settings_res/X6871/yellow/rhythm_mode_0/images/img_0.png 811240-811315
/product/settings_res/X6871/yellow/rhythm_mode_1/images/img_0.png 811316-811391
/product/settings_res/X6871/yellow/rhythm_mode_2/images/img_0.png 811392-811396
/product/settings_res/X6871/yellow/rhythm_mode_2/images/img_1.png 811397-811472
/product/settings_res/X6871/yellow/rhythm_mode_3/images/img_0.png 811473-811477
/product/settings_res/X6871/yellow/rhythm_mode_3/images/img_1.png 811478-811553
/product/settings_res/X6871/yellow/rhythm_mode_4/images/img_0.png 811554-811558
/product/settings_res/X6871/yellow/rhythm_mode_4/images/img_1.png 811559-811634
/product/settings_res/X6871/yellow/rhythm_mode_5/images/img_0.png 811635-811639
/product/settings_res/X6871/yellow/rhythm_mode_5/images/img_1.png 811640-811715
/product/settings_res/X6871/yellow/rhythm_mode_6/images/img_0.png 811716-811720
/product/settings_res/X6871/yellow/rhythm_mode_6/images/img_1.png 811721-811796
/product/settings_res/X6871/yellow/rhythm_mode_7/images/img_0.png 811797-811798
/product/settings_res/X6871/yellow/rhythm_mode_7/images/img_1.png 811799-811800
/product/settings_res/X6871/yellow/rhythm_mode_7/images/img_2.png 811801-811802
/product/settings_res/X6871/yellow/rhythm_mode_7/images/img_3.png 811803-811804
/product/settings_res/X6871/yellow/rhythm_mode_7/images/img_4.png 811805-811880
/product/theme/lockscreen/magazine/country/default/wallpaper01.webp 811881-812502
/product/theme/lockscreen/magazine/country/default/wallpaper02.webp 812503-813215
/product/theme/lockscreen/magazine/country/default/wallpaper03.webp 813216-813870
/product/theme/lockscreen/magazine/country/default/wallpaper04.webp 813871-814339
/product/theme/lockscreen/magazine/country/default/wallpaper05.webp 814340-814962
/product/theme/lockscreen/magazine/country/default/wallpaper06.webp 814963-815602
/product/theme/lockscreen/magazine/country/default/wallpaper07.webp 815603-816074
/product/theme/lockscreen/magazine/country/default/wallpaper08.webp 816075-816676
/product/priv-app/GmsCore/m/independent/oat/arm64/AndroidPlatformServices.odex 816677-816697
/product/priv-app/GmsCore/m/independent/oat/arm64/AndroidPlatformServices.vdex 816698-816763
