/system_ext/apex/com.android.compos.apex 1-529
/system_ext/apex/com.android.vndk.v31.apex 530-6273
/system_ext/apex/com.android.vndk.v33.apex 6274-12649
/system_ext/apex/com.android.vndk.v34.apex 12650-18562
/system_ext/apex/com.scorpio.sc.core.apex 18563-18629
/system_ext/apex/com.transsion.appservices.apex 18630-18641
/system_ext/apex/com.transsion.connectivity.apex 18642-18645
/system_ext/apex/com.transsion.kolun.apex 18646-18758
/system_ext/apex/com.transsion.mi.os.framework.apex 18759-19150
/system_ext/apex/com.transsion.performance.apex 19151-19160
/system_ext/apex/com.transsion.phone.apex 19161-19173
/system_ext/bin/AudioSetParam 19174-19175
/system_ext/bin/aee 19176-19178
/system_ext/bin/aee_aed 19179-19222
/system_ext/bin/aee_aed64 19223-19272
/system_ext/bin/aee_aed64_v2 19273-19325
/system_ext/bin/aee_core_forwarder 19326-19333
/system_ext/bin/aee_core_forwarder_v2 19334-19343
/system_ext/bin/aee_dumpstate 19344-19362
/system_ext/bin/aee_dumpstate_v2 19363-19385
/system_ext/bin/aee_v2 19386-19388
/system_ext/bin/aeedb 19389-19390
/system_ext/bin/aeedb_v2 19391-19392
/system_ext/bin/batterywarning 19393-19394
/system_ext/bin/boot_logo_updater 19395
/system_ext/bin/connsyslogger 19396-19415
/system_ext/bin/emdlogger 19416-19470
/system_ext/bin/hbt_translator 19471-19622
/system_ext/bin/hiber 19623-19627
/system_ext/bin/hwservicemanager 19628-19640
/system_ext/bin/kpoc_charger 19641-19648
/system_ext/bin/lbs_dbg_ext 19649-19660
/system_ext/bin/loghidlsysservice 19661-19665
/system_ext/bin/magt 19666-19687
/system_ext/bin/mbrain_client 19688-19699
/system_ext/bin/mdlogger 19700-19718
/system_ext/bin/mediahelper 19719
/system_ext/bin/mobile_log_d 19720-19746
/system_ext/bin/mtk_plpath_utils 19747-19755
/system_ext/bin/netdiag 19756-19767
/system_ext/bin/rtt 19768
/system_ext/bin/rtt_v2 19769-19770
/system_ext/bin/terservice 19771
/system_ext/bin/thermald 19772-19773
/system_ext/bin/trace 19774-19933
/system_ext/bin/vtservice 19934
/system_ext/bin/zygoteservice 19935-19936
/system_ext/etc/NOTICE.xml.gz 19937-19985
/system_ext/etc/audio_policy_configuration.xml 19986
/system_ext/etc/audio_policy_configuration_bluetooth_legacy_hal.xml 19987
/system_ext/etc/audio_policy_engine_default_stream_volumes.xml 19988
/system_ext/etc/audio_policy_engine_product_strategies.xml 19989
/system_ext/etc/audio_policy_engine_stream_volumes.xml 19990
/system_ext/etc/audio_policy_volumes.xml 19991
/system_ext/etc/build_flags.json 19992-19993
/system_ext/etc/default_volume_tables.xml 19994
/system_ext/etc/wmshell.protolog.json.gz 19995-19999
/system_ext/framework/SatelliteClient.jar 20000-20005
/system_ext/framework/SatelliteClient.jar.fsv_meta 20006
/system_ext/framework/androidx.window.extensions.jar 20007-20047
/system_ext/framework/androidx.window.extensions.jar.fsv_meta 20048
/system_ext/framework/androidx.window.sidecar.jar 20049-20053
/system_ext/framework/androidx.window.sidecar.jar.fsv_meta 20054
/system_ext/framework/com.android.extensions.appfunctions.jar 20055
/system_ext/framework/com.android.extensions.appfunctions.jar.fsv_meta 20056
/system_ext/framework/com.android.hotwordenrollment.common.util.jar 20057-20058
/system_ext/framework/com.android.hotwordenrollment.common.util.jar.fsv_meta 20059
/system_ext/framework/com.nxp.nfc.jar 20060-20064
/system_ext/framework/com.nxp.nfc.jar.fsv_meta 20065
/system_ext/framework/com.transsion.nfc.jar 20066-20069
/system_ext/framework/com.transsion.nfc.jar.fsv_meta 20070
/system_ext/framework/com.transsion.tranfacfwk.jar 20071-20072
/system_ext/framework/com.transsion.tranfacfwk.jar.fsv_meta 20073
/system_ext/framework/gift-core.jar 20074
/system_ext/framework/gift-core.jar.fsv_meta 20075
/system_ext/framework/hyperion_core.jar 20076-20410
/system_ext/framework/hyperion_core.jar.fsv_meta 20411-20413
/system_ext/framework/log-handler.jar 20414-20427
/system_ext/framework/log-handler.jar.fsv_meta 20428
/system_ext/framework/mediatek-carrier-config-manager.jar 20429-20431
/system_ext/framework/mediatek-carrier-config-manager.jar.fsv_meta 20432
/system_ext/framework/mediatek-common.jar 20433-20444
/system_ext/framework/mediatek-common.jar.fsv_meta 20445
/system_ext/framework/mediatek-framework.jar 20446-20547
/system_ext/framework/mediatek-framework.jar.fsv_meta 20548-20549
/system_ext/framework/mediatek-ims-base.jar 20550-20561
/system_ext/framework/mediatek-ims-base.jar.fsv_meta 20562
/system_ext/framework/mediatek-ims-common.jar 20563-20574
/system_ext/framework/mediatek-ims-common.jar.fsv_meta 20575
/system_ext/framework/mediatek-ims-extension-plugin.jar 20576-20578
/system_ext/framework/mediatek-ims-extension-plugin.jar.fsv_meta 20579
/system_ext/framework/mediatek-services.jar 20580-20652
/system_ext/framework/mediatek-services.jar.fsv_meta 20653
/system_ext/framework/mediatek-telecom-common.jar 20654-20659
/system_ext/framework/mediatek-telecom-common.jar.fsv_meta 20660
/system_ext/framework/mediatek-telephony-base.jar 20661-20700
/system_ext/framework/mediatek-telephony-base.jar.fsv_meta 20701
/system_ext/framework/mediatek-telephony-common.jar 20702-20981
/system_ext/framework/mediatek-telephony-common.jar.fsv_meta 20982-20986
/system_ext/framework/sales_component.jar 20987-20994
/system_ext/framework/sales_component.jar.fsv_meta 20995
/system_ext/framework/tran_datacenter.jar 20996
/system_ext/framework/tran_datacenter.jar.fsv_meta 20997
/system_ext/framework/tranradionet-chipset-plugin.jar 20998-21207
/system_ext/framework/tranradionet-chipset-plugin.jar.fsv_meta 21208-21210
/system_ext/framework/tranradionet-manager.jar 21211-21221
/system_ext/framework/tranradionet-manager.jar.fsv_meta 21222
/system_ext/framework/trans_sched.jar 21223-21228
/system_ext/framework/trans_sched.jar.fsv_meta 21229
/system_ext/lib/android.hardware.radio.config@1.1.so 21230-21246
/system_ext/lib/android.hardware.radio.config@1.2.so 21247-21259
/system_ext/lib/android.hardware.radio.config@1.3.so 21260-21273
/system_ext/lib/android.hardware.radio@1.5.so 21274-21372
/system_ext/lib/android.hardware.radio@1.6.so 21373-21487
/system_ext/lib/libJpegOal.so 21488 21489
/system_ext/lib/libJpegOal.so.hbtf 21490-21491
/system_ext/lib/libPQDCjni.so 21492-21494
/system_ext/lib/libPQjni.so 21495-21496
/system_ext/lib/libTeeClient.so 21497-21506
/system_ext/lib/lib_remote_simlock.so 21507-21511
/system_ext/lib/libaed.so 21512-21522
/system_ext/lib/libapuwareapusys.mtk.so 21523-21527
/system_ext/lib/libapuwareapusys_v2.mtk.so 21528-21543
/system_ext/lib/libapuwarehmp.mtk.so 21544-21545
/system_ext/lib/libapuwareutils.mtk.so 21546
/system_ext/lib/libapuwareutils_v2.mtk.so 21547-21549
/system_ext/lib/libapuwarexrp.mtk.so 21550-21555
/system_ext/lib/libapuwarexrp_v2.mtk.so 21556-21566
/system_ext/lib/libarmnn_ndk.mtk.so 21567-22848
/system_ext/lib/libaudio_param_parser-sys.so 22849-22878
/system_ext/lib/libaudio_param_parser-sys@8.1.so 22879-22908
/system_ext/lib/libaudio_param_parser-sys@aidl.so 22909-22938
/system_ext/lib/libaudiocompensationfilter.so 22939
/system_ext/lib/libaudiocomponentengine.so 22940-22943
/system_ext/lib/libaudiotoolkit.so 22944-22945
/system_ext/lib/libaudioutilmtk.so 22946-22964
/system_ext/lib/libbessound_hd_mtk.so 22965-22976
/system_ext/lib/libblisrc.so 22977-22989
/system_ext/lib/libcmdl_ndk.mtk.so 22990-23110
/system_ext/lib/libcompress.so 23111-23115
/system_ext/lib/libcustom_jni.so 23116
/system_ext/lib/libcustom_prop.so 23117-23118
/system_ext/lib/libdisp_dejitter.so 23119-23121
/system_ext/lib/libdisp_dejitter.so.hbtf 23122-23125
/system_ext/lib/libdrmmtkutil.so 23126-23129
/system_ext/lib/libdrmmtkwhitelist.so 23130-23131
/system_ext/lib/libem_aoltest_jni.so 23132-23135
/system_ext/lib/libem_audio_jni.so 23136-23139
/system_ext/lib/libem_bleoffload_jni.so 23140-23144
/system_ext/lib/libem_support_jni.so 23145
/system_ext/lib/libem_wifi_jni.so 23146-23156
/system_ext/lib/libged_kpi.so 23157
/system_ext/lib/libged_kpi.so.hbtf 23158
/system_ext/lib/libged_sys.so 23159-23167
/system_ext/lib/libged_sys.so.hbtf 23168-23179
/system_ext/lib/libgpud_sys.so 23180-23212
/system_ext/lib/libgpud_sys.so.hbtf 23213-23260
/system_ext/lib/libgralloc_extra_sys.so 23261-23262
/system_ext/lib/libgralloc_extra_sys.so.hbtf 23263-23265
/system_ext/lib/libgui_debug.so 23266-23280
/system_ext/lib/libhdcp_helper.so 23281-23282
/system_ext/lib/libjni_pq.so 23283-23292
/system_ext/lib/libjpeg-alpha-oal.so 23293-23295
/system_ext/lib/libjpeg-alpha-oal.so.hbtf 23296-23298
/system_ext/lib/libjpeg-alpha.so 23299-23361
/system_ext/lib/libjpeg-alpha.so.hbtf 23362-23469
/system_ext/lib/libmagtsync.so 23470-23480
/system_ext/lib/libmagtsync.so.hbtf 23481-23501
/system_ext/lib/libmbrainSDK.so 23502-23536
/system_ext/lib/libmdloggerrecycle.so 23537-23541
/system_ext/lib/libmediatek_exceptionlog.so 23542-23543
/system_ext/lib/libmmkv.so 23544-23594
/system_ext/lib/libmtk_vt_wrapper.so 23595-23602
/system_ext/lib/libmtkaudio_utils.so 23603
/system_ext/lib/libmtkaudio_utils.so.hbtf 23604
/system_ext/lib/libmtkperf_client.so 23605-23607
/system_ext/lib/libmtkperf_client.so.hbtf 23608-23610
/system_ext/lib/libmvpu_cic_ci_compiler.mtk.so 23611-23620
/system_ext/lib/libmvpu_cic_ci_compiler_25.mtk.so 23621-23630
/system_ext/lib/libmvpu_clc_14_mvpu_debuginfo_25.mtk.so 23631-23635
/system_ext/lib/libmvpu_clc_14_mvpu_elf_25.mtk.so 23636-23650
/system_ext/lib/libmvpu_clc_14_mvpu_utility_25.mtk.so 23651-23667
/system_ext/lib/libmvpu_clc_mvpu_debuginfo.mtk.so 23668-23673
/system_ext/lib/libmvpu_clc_mvpu_elf.mtk.so 23674-23686
/system_ext/lib/libmvpu_clc_mvpu_utility.mtk.so 23687-23699
/system_ext/lib/libmvpu_config.mtk.so 23700
/system_ext/lib/libmvpu_engine.mtk.so 23701-23768
/system_ext/lib/libmvpu_engine_25.mtk.so 23769-23836
/system_ext/lib/libmvpu_engine_25_pub.mtk.so 23837-23904
/system_ext/lib/libmvpu_engine_pub.mtk.so 23905-23972
/system_ext/lib/libmvpu_pattern.mtk.so 23973-24041
/system_ext/lib/libmvpu_pattern_25.mtk.so 24042-24071
/system_ext/lib/libmvpu_pattern_25_pub.mtk.so 24072-24101
/system_ext/lib/libmvpu_pattern_pub.mtk.so 24102-24170
/system_ext/lib/libmvpu_runtime.mtk.so 24171-24364
/system_ext/lib/libmvpu_runtime_25.mtk.so 24365-24555
/system_ext/lib/libmvpu_runtime_25_pub.mtk.so 24556-24745
/system_ext/lib/libmvpu_runtime_builtin.mtk.so 24746-24750
/system_ext/lib/libmvpu_runtime_pub.mtk.so 24751-24944
/system_ext/lib/libmvpuop25_mtk_cv.mtk.so 24945-26357
/system_ext/lib/libmvpuop25_mtk_nn.mtk.so 26358-27255
/system_ext/lib/libmvpuop_mtk_cv.mtk.so 27256-29168
/system_ext/lib/libmvpuop_mtk_nn.mtk.so 29169-30258
/system_ext/lib/libnativecheck-jni.so 30259
/system_ext/lib/libneuron_graph_delegate.mtk.so 30260-30293
/system_ext/lib/libneuronusdk_adapter.mtk.so 30294-31900
/system_ext/lib/libnir_neon_driver_ndk.mtk.so 31901-32793
/system_ext/lib/libnxpnfc-nci.so 32794-33029
/system_ext/lib/libnxpnfc_nci_jni.so 33030-33207
/system_ext/lib/libperfctl.so 33208-33209
/system_ext/lib/libperfctl.so.hbtf 33210-33212
/system_ext/lib/libpowerhalwrap.so 33213-33220
/system_ext/lib/libpowerhalwrap.so.hbtf 33221-33235
/system_ext/lib/libpowerhalwrap_jni.so 33236-33237
/system_ext/lib/libpowerhalwrap_jni.so.hbtf 33238-33240
/system_ext/lib/libsf_cpupolicy.so 33241-33247
/system_ext/lib/libsf_debug.so 33248-33250
/system_ext/lib/libsf_perf.so 33251
/system_ext/lib/libstagefright_mbrain.so 33252-33256
/system_ext/lib/libstagefright_wfd_mtk.so 33257-33307
/system_ext/lib/libstatslog_nfc_nxp.so 33308
/system_ext/lib/libsysenv_system.so 33309-33310
/system_ext/lib/libteeservice_client.trustonic.so 33311-33322
/system_ext/lib/libtflite_mtk.mtk.so 33323-33866
/system_ext/lib/libtflite_mtk.so 33867-34406
/system_ext/lib/libthroughputmode.so 34407-34418
/system_ext/lib/libtouch_ll.so 34419
/system_ext/lib/libtouch_ll_share.so 34420-34423
/system_ext/lib/libudf.so 34424-34431
/system_ext/lib/libui_ext.so 34432-34438
/system_ext/lib/libvcodec_cap.so 34439-34445
/system_ext/lib/libvcodec_capenc.so 34446-34448
/system_ext/lib/libvoicerecognition.so 34449-34457
/system_ext/lib/libvoicerecognition_jni.so 34458-34461
/system_ext/lib/libvow_ap_train_dddd.so 34462-34635
/system_ext/lib/libvow_ap_train_hhaa.so 34636-34803
/system_ext/lib/libvow_ap_train_hhha.so 34804-34953
/system_ext/lib/libvow_ap_train_hhhh.so 34954-35099
/system_ext/lib/libvow_ap_train_nnnn.so 35100-35197
/system_ext/lib/libvow_ap_train_trip_dddd.so 35198-35371
/system_ext/lib/libvow_ap_train_trip_hhaa.so 35372-35545
/system_ext/lib/libvow_ap_train_trip_hhha.so 35546-35695
/system_ext/lib/libvow_ap_train_trip_hhhh.so 35696-35841
/system_ext/lib/libvow_ap_train_trip_nnnn.so 35842-35939
/system_ext/lib/libvow_ap_train_trip_znnn.so 35940-36037
/system_ext/lib/libvow_ap_train_vaca_dddd.so 36038-36211
/system_ext/lib/libvow_ap_train_vaca_hhaa.so 36212-36385
/system_ext/lib/libvow_ap_train_vaca_hhha.so 36386-36535
/system_ext/lib/libvow_ap_train_vaca_hhhh.so 36536-36681
/system_ext/lib/libvow_ap_train_vaca_nnnn.so 36682-36779
/system_ext/lib/libvow_ap_train_vaca_znnn.so 36780-36877
/system_ext/lib/libvow_ap_train_znnn.so 36878-36975
/system_ext/lib/libvow_comp_train.so 36976
/system_ext/lib/libvsync_hint.so 36977
/system_ext/lib/vendor.mediatek.hardware.aee-V1-ndk.so 36978-36982
/system_ext/lib/vendor.mediatek.hardware.aee@1.0.so 36983-36989
/system_ext/lib/vendor.mediatek.hardware.aee@1.1.so 36990-37000
/system_ext/lib/vendor.mediatek.hardware.apuware.apusys-V5-ndk.so 37001-37011
/system_ext/lib/vendor.mediatek.hardware.apuware.apusys@1.0.so 37012-37021
/system_ext/lib/vendor.mediatek.hardware.apuware.apusys@2.0.so 37022-37040
/system_ext/lib/vendor.mediatek.hardware.apuware.apusys@2.1.so 37041-37051
/system_ext/lib/vendor.mediatek.hardware.apuware.hmp@1.0.so 37052-37060
/system_ext/lib/vendor.mediatek.hardware.apuware.utils-V1-ndk.so 37061-37065
/system_ext/lib/vendor.mediatek.hardware.apuware.utils@1.0.so 37066-37073
/system_ext/lib/vendor.mediatek.hardware.apuware.utils@2.0.so 37074-37083
/system_ext/lib/vendor.mediatek.hardware.apuware.xrp-V1-ndk.so 37084-37092
/system_ext/lib/vendor.mediatek.hardware.apuware.xrp@1.0.so 37093-37104
/system_ext/lib/vendor.mediatek.hardware.apuware.xrp@2.0.so 37105-37120
/system_ext/lib/vendor.mediatek.hardware.audio-V1-ndk.so 37121-37125
/system_ext/lib/vendor.mediatek.hardware.audio@7.1.so 37126-37144
/system_ext/lib/vendor.mediatek.hardware.audio@8.1.so 37145-37163
/system_ext/lib/vendor.mediatek.hardware.gpuserv-V2-ndk.so 37164-37173
/system_ext/lib/vendor.mediatek.hardware.mbrain-V2-ndk.so 37174-37179
/system_ext/lib/vendor.mediatek.hardware.mbrain-V6-ndk.so 37180-37185
/system_ext/lib/vendor.mediatek.hardware.mms@1.0.so 37186-37193
/system_ext/lib/vendor.mediatek.hardware.mms@1.0.so.hbtf 37194-37208
/system_ext/lib/vendor.mediatek.hardware.mms@1.1.so 37209-37216
/system_ext/lib/vendor.mediatek.hardware.mms@1.1.so.hbtf 37217-37228
/system_ext/lib/vendor.mediatek.hardware.mms@1.2.so 37229-37236
/system_ext/lib/vendor.mediatek.hardware.mms@1.2.so.hbtf 37237-37248
/system_ext/lib/vendor.mediatek.hardware.mms@1.3.so 37249-37256
/system_ext/lib/vendor.mediatek.hardware.mms@1.3.so.hbtf 37257-37270
/system_ext/lib/vendor.mediatek.hardware.mtkpower-V2-ndk.so 37271-37276
/system_ext/lib/vendor.mediatek.hardware.mtkpower@1.0.so 37277-37288
/system_ext/lib/vendor.mediatek.hardware.mtkpower@1.1.so 37289-37303
/system_ext/lib/vendor.mediatek.hardware.mtkpower@1.2.so 37304-37319
/system_ext/lib/vendor.mediatek.hardware.mtkpower_applist-V2-ndk.so 37320-37323
/system_ext/lib/vendor.mediatek.hardware.mtkradioex.rsu-V1-ndk.so 37324-37328
/system_ext/lib/vendor.mediatek.hardware.mtkradioex.se-V1-ndk.so 37329-37332
/system_ext/lib/vendor.mediatek.hardware.mtkradioex.sim-V1-ndk.so 37333-37346
/system_ext/lib/vendor.mediatek.hardware.mtkradioex@3.0.so 37347-37579
/system_ext/lib/vendor.mediatek.hardware.pq@2.0.so 37580-37597
/system_ext/lib/vendor.mediatek.hardware.pq@2.0.so.hbtf 37598-37641
/system_ext/lib/vendor.mediatek.hardware.pq@2.1.so 37642-37652
/system_ext/lib/vendor.mediatek.hardware.pq@2.1.so.hbtf 37653-37673
/system_ext/lib/vendor.mediatek.hardware.pq@2.2.so 37674-37685
/system_ext/lib/vendor.mediatek.hardware.pq@2.2.so.hbtf 37686-37707
/system_ext/lib/vendor.mediatek.hardware.pq@2.3.so 37708-37721
/system_ext/lib/vendor.mediatek.hardware.pq@2.3.so.hbtf 37722-37750
/system_ext/lib/vendor.mediatek.hardware.pq_aidl-V2-ndk.so 37751-37777
/system_ext/lib/vendor.mediatek.hardware.pq_aidl-V2-ndk.so.hbtf 37778-37846
/system_ext/lib/vendor.mediatek.hardware.pq_aidl-V8-ndk.so 37847-37877
/system_ext/lib/vendor.mediatek.hardware.touchll@1.0.so 37878-37884
/system_ext/lib/vendor.mediatek.hardware.videotelephony-V1-ndk.so 37885-37888
/system_ext/lib/vendor.mediatek.hardware.videotelephony@1.0.so 37889-37896
/system_ext/lib/vendor.nxp.nxpnfc@2.0.so 37897-37904
/system_ext/lib/vendor.transsion.hardware.trandatacenter@1.0.so 37905-37918
/system_ext/lib/vendor.transsion.performance.sched@1.0.so 37919-37928
/system_ext/lib64/android.hardware.radio.config@1.1.so 37929-37948
/system_ext/lib64/android.hardware.radio.config@1.2.so 37949-37963
/system_ext/lib64/android.hardware.radio.config@1.3.so 37964-37979
/system_ext/lib64/android.hardware.radio@1.5.so 37980-38099
/system_ext/lib64/android.hardware.radio@1.6.so 38100-38238
/system_ext/lib64/libCNamaSDK.so 38239-39751
/system_ext/lib64/libJCaliVeriTool.so 39752
/system_ext/lib64/libJpegOal.so 39753-39754
/system_ext/lib64/libPQDCjni.so 39755-39758
/system_ext/lib64/libPQjni.so 39759-39761
/system_ext/lib64/libTeeClient.so 39762-39772
/system_ext/lib64/lib_remote_simlock.so 39773-39778
/system_ext/lib64/libaed.so 39779-39792
/system_ext/lib64/libapu_mdw_ext.mtk.so 39793-39794
/system_ext/lib64/libapuwareapusys.mtk.so 39795-39799
/system_ext/lib64/libapuwareapusys_v2.mtk.so 39800-39817
/system_ext/lib64/libapuwarehmp.mtk.so 39818-39820
/system_ext/lib64/libapuwareutils.mtk.so 39821-39822
/system_ext/lib64/libapuwareutils_v2.mtk.so 39823-39826
/system_ext/lib64/libapuwarexrp.mtk.so 39827-39833
/system_ext/lib64/libapuwarexrp_v2.mtk.so 39834-39845
/system_ext/lib64/libarcsoft_calibverify_TriCamera.so 39846-40294
/system_ext/lib64/libarcsoft_chart_free_calibration.so 40295-40325
/system_ext/lib64/libarcsoft_dualcam_wt_calibration.so 40326-40328
/system_ext/lib64/libarcsoft_dualcam_wt_verification.so 40329
/system_ext/lib64/libarcsoft_tricam_calibration.so 40330-40333
/system_ext/lib64/libarcsoft_tricam_verification.so 40334-40335
/system_ext/lib64/libarmnn_ndk.mtk.so 40336-41807
/system_ext/lib64/libaudio_param_parser-sys.so 41808-41848
/system_ext/lib64/libaudio_param_parser-sys@8.1.so 41849-41889
/system_ext/lib64/libaudio_param_parser-sys@aidl.so 41890-41931
/system_ext/lib64/libaudiocompensationfilter.so 41932-41933
/system_ext/lib64/libaudiocomponentengine.so 41934-41937
/system_ext/lib64/libaudiopolicyconfigxml_mtk.so 41938
/system_ext/lib64/libaudiopolicycustomextensions.so 41939-41975
/system_ext/lib64/libaudiotoolkit.so 41976-41977
/system_ext/lib64/libaudioutilmtk.so 41978-42000
/system_ext/lib64/libbessound_hd_mtk.so 42001-42015
/system_ext/lib64/libblisrc.so 42016-42028
/system_ext/lib64/libcalibverifyW_T.so 42029-42508
/system_ext/lib64/libccci_util_sys.so 42509-42514
/system_ext/lib64/libcmdl_ndk.mtk.so 42515-42665
/system_ext/lib64/libcomposer_ext.so 42666-42689
/system_ext/lib64/libcompress.so 42690-42695
/system_ext/lib64/libcomutils.so 42696-42699
/system_ext/lib64/libcustom_jni.so 42700-42701
/system_ext/lib64/libcustom_prop.so 42702-42704
/system_ext/lib64/libdisp_dejitter.so 42705-42707
/system_ext/lib64/libdrmmtkutil.so 42708-42711
/system_ext/lib64/libdrmmtkwhitelist.so 42712-42713
/system_ext/lib64/libem_aoltest_jni.so 42714-42718
/system_ext/lib64/libem_audio_jni.so 42719-42723
/system_ext/lib64/libem_bleoffload_jni.so 42724-42729
/system_ext/lib64/libem_support_jni.so 42730
/system_ext/lib64/libem_wifi_jni.so 42731-42744
/system_ext/lib64/libfuai.so 42745-44373
/system_ext/lib64/libged_kpi.so 44374
/system_ext/lib64/libged_sys.so 44375-44383
/system_ext/lib64/libgpud_sys.so 44384-44415
/system_ext/lib64/libgralloc_extra_sys.so 44416-44417
/system_ext/lib64/libgui_debug.so 44418-44436
/system_ext/lib64/libhdcp_helper.so 44437-44438
/system_ext/lib64/libimsma.so 44439-44452
/system_ext/lib64/libimsma_adapt.so 44453-44458
/system_ext/lib64/libimsma_rtp.so 44459-44487
/system_ext/lib64/libimsma_socketwrapper.so 44488-44490
/system_ext/lib64/libjni_arcsoft.so 44491-44493
/system_ext/lib64/libjni_calibration_as2.so 44494-44495
/system_ext/lib64/libjni_megviitools.so 44496-44497
/system_ext/lib64/libjni_pq.so 44498-44507
/system_ext/lib64/libjpeg-alpha-oal.so 44508-44510
/system_ext/lib64/libjpeg-alpha.so 44511-44567
/system_ext/lib64/libmagt.so 44568-44706
/system_ext/lib64/libmagtsync.so 44707-44719
/system_ext/lib64/libmbrainSDK.so 44720-44763
/system_ext/lib64/libmdloggerrecycle.so 44764-44768
/system_ext/lib64/libmediatek_exceptionlog.so 44769-44770
/system_ext/lib64/libmemoryDumpEncoder.so 44771
/system_ext/lib64/libmmkv.so 44772-44839
/system_ext/lib64/libmstylus.so 44840-44843
/system_ext/lib64/libmtk_sf_msync_2_0.so 44844-44858
/system_ext/lib64/libmtk_vt_service.so 44859-44892
/system_ext/lib64/libmtk_vt_wrapper.so 44893-44900
/system_ext/lib64/libmtkaudio_utils.so 44901
/system_ext/lib64/libmtkperf_client.so 44902-44904
/system_ext/lib64/libmvpu_cic_ci_compiler.mtk.so 44905-44918
/system_ext/lib64/libmvpu_cic_ci_compiler_25.mtk.so 44919-44933
/system_ext/lib64/libmvpu_clc_14_mvpu_debuginfo_25.mtk.so 44934-44939
/system_ext/lib64/libmvpu_clc_14_mvpu_elf_25.mtk.so 44940-44956
/system_ext/lib64/libmvpu_clc_14_mvpu_utility_25.mtk.so 44957-44978
/system_ext/lib64/libmvpu_clc_mvpu_debuginfo.mtk.so 44979-44986
/system_ext/lib64/libmvpu_clc_mvpu_elf.mtk.so 44987-45004
/system_ext/lib64/libmvpu_clc_mvpu_utility.mtk.so 45005-45022
/system_ext/lib64/libmvpu_config.mtk.so 45023-45024
/system_ext/lib64/libmvpu_engine.mtk.so 45025-45075
/system_ext/lib64/libmvpu_engine_25.mtk.so 45076-45127
/system_ext/lib64/libmvpu_engine_25_pub.mtk.so 45128-45179
/system_ext/lib64/libmvpu_engine_pub.mtk.so 45180-45230
/system_ext/lib64/libmvpu_pattern.mtk.so 45231-45314
/system_ext/lib64/libmvpu_pattern_25.mtk.so 45315-45357
/system_ext/lib64/libmvpu_pattern_25_pub.mtk.so 45358-45400
/system_ext/lib64/libmvpu_pattern_pub.mtk.so 45401-45484
/system_ext/lib64/libmvpu_runtime.mtk.so 45485-45709
/system_ext/lib64/libmvpu_runtime_25.mtk.so 45710-45938
/system_ext/lib64/libmvpu_runtime_25_pub.mtk.so 45939-46167
/system_ext/lib64/libmvpu_runtime_builtin.mtk.so 46168-46173
/system_ext/lib64/libmvpu_runtime_builtin_25.mtk.so 46174
/system_ext/lib64/libmvpu_runtime_pub.mtk.so 46175-46398
/system_ext/lib64/libmvpuop25_mtk_cv.mtk.so 46399-47894
/system_ext/lib64/libmvpuop25_mtk_nn.mtk.so 47895-48850
/system_ext/lib64/libmvpuop_mtk_cv.mtk.so 48851-50828
/system_ext/lib64/libmvpuop_mtk_nn.mtk.so 50829-51958
/system_ext/lib64/libnativecheck-jni.so 51959
/system_ext/lib64/libneuron_graph_delegate.mtk.so 51960-52002
/system_ext/lib64/libneuronusdk_adapter.mtk.so 52003-54115
/system_ext/lib64/libnir_neon_driver_ndk.mtk.so 54116-55348
/system_ext/lib64/libnxpnfc-nci.so 55349-55612
/system_ext/lib64/libnxpnfc_nci_jni.so 55613-55824
/system_ext/lib64/libpcap_bak.so 55825-55870
/system_ext/lib64/libperfctl.so 55871-55872
/system_ext/lib64/libpowerhalwrap.so 55873-55881
/system_ext/lib64/libpowerhalwrap_jni.so 55882-55884
/system_ext/lib64/libpta_client_lite.so 55885-56642
/system_ext/lib64/libsf_cpupolicy.so 56643-56650
/system_ext/lib64/libsf_debug.so 56651-56653
/system_ext/lib64/libsf_perf.so 56654-56655
/system_ext/lib64/libshowlogo.so 56656-56671
/system_ext/lib64/libsignal.so 56672-56673
/system_ext/lib64/libsink.so 56674-56693
/system_ext/lib64/libsource.so 56694-56712
/system_ext/lib64/libstagefright_mbrain.so 56713-56717
/system_ext/lib64/libstagefright_wfd_mtk.so 56718-56774
/system_ext/lib64/libstatslog_nfc_nxp.so 56775
/system_ext/lib64/libsysenv_system.so 56776-56777
/system_ext/lib64/libteeservice_client.trustonic.so 56778-56791
/system_ext/lib64/libterservice.so 56792-56795
/system_ext/lib64/libtflite_mtk.mtk.so 56796-57569
/system_ext/lib64/libtflite_mtk.so 57570-58338
/system_ext/lib64/libthroughputmode.so 58339-58352
/system_ext/lib64/libtouch_ll.so 58353
/system_ext/lib64/libtouch_ll_share.so 58354-58357
/system_ext/lib64/libtranshowlogo.so 58358-58373
/system_ext/lib64/libtranssion_cali_veri.so 58374-58375
/system_ext/lib64/libudf.so 58376-58384
/system_ext/lib64/libui_ext.so 58385-58391
/system_ext/lib64/libvcodec_cap.so 58392-58399
/system_ext/lib64/libvcodec_capenc.so 58400-58403
/system_ext/lib64/libvoicerecognition.so 58404-58413
/system_ext/lib64/libvoicerecognition_jni.so 58414-58418
/system_ext/lib64/libvow_ap_train_dddd.so 58419-58606
/system_ext/lib64/libvow_ap_train_hhaa.so 58607-58788
/system_ext/lib64/libvow_ap_train_hhha.so 58789-58961
/system_ext/lib64/libvow_ap_train_hhhh.so 58962-59130
/system_ext/lib64/libvow_ap_train_nnnn.so 59131-59232
/system_ext/lib64/libvow_ap_train_trip_dddd.so 59233-59420
/system_ext/lib64/libvow_ap_train_trip_hhaa.so 59421-59608
/system_ext/lib64/libvow_ap_train_trip_hhha.so 59609-59781
/system_ext/lib64/libvow_ap_train_trip_hhhh.so 59782-59950
/system_ext/lib64/libvow_ap_train_trip_nnnn.so 59951-60052
/system_ext/lib64/libvow_ap_train_trip_znnn.so 60053-60154
/system_ext/lib64/libvow_ap_train_vaca_dddd.so 60155-60342
/system_ext/lib64/libvow_ap_train_vaca_hhaa.so 60343-60530
/system_ext/lib64/libvow_ap_train_vaca_hhha.so 60531-60703
/system_ext/lib64/libvow_ap_train_vaca_hhhh.so 60704-60872
/system_ext/lib64/libvow_ap_train_vaca_nnnn.so 60873-60974
/system_ext/lib64/libvow_ap_train_vaca_znnn.so 60975-61076
/system_ext/lib64/libvow_ap_train_znnn.so 61077-61178
/system_ext/lib64/libvow_comp_train.so 61179-61180
/system_ext/lib64/libvsim-adaptor-client.so 61181-61183
/system_ext/lib64/libvsync_hint.so 61184
/system_ext/lib64/libvt_avsync.so 61185-61186
/system_ext/lib64/libwa_calibrationtool2.so 61187-62534
/system_ext/lib64/libwa_calibrationtool_as2.so 62535-63849
/system_ext/lib64/vendor.mediatek.framework.mtksf_ext-V4-ndk.so 63850-63853
/system_ext/lib64/vendor.mediatek.hardware.aee-V1-ndk.so 63854-63859
/system_ext/lib64/vendor.mediatek.hardware.aee@1.0.so 63860-63867
/system_ext/lib64/vendor.mediatek.hardware.aee@1.1.so 63868-63880
/system_ext/lib64/vendor.mediatek.hardware.apuware.apusys-V5-ndk.so 63881-63892
/system_ext/lib64/vendor.mediatek.hardware.apuware.apusys@1.0.so 63893-63904
/system_ext/lib64/vendor.mediatek.hardware.apuware.apusys@2.0.so 63905-63925
/system_ext/lib64/vendor.mediatek.hardware.apuware.apusys@2.1.so 63926-63937
/system_ext/lib64/vendor.mediatek.hardware.apuware.hmp@1.0.so 63938-63947
/system_ext/lib64/vendor.mediatek.hardware.apuware.utils-V1-ndk.so 63948-63952
/system_ext/lib64/vendor.mediatek.hardware.apuware.utils@1.0.so 63953-63961
/system_ext/lib64/vendor.mediatek.hardware.apuware.utils@2.0.so 63962-63972
/system_ext/lib64/vendor.mediatek.hardware.apuware.xrp-V1-ndk.so 63973-63982
/system_ext/lib64/vendor.mediatek.hardware.apuware.xrp@1.0.so 63983-63995
/system_ext/lib64/vendor.mediatek.hardware.apuware.xrp@2.0.so 63996-64013
/system_ext/lib64/vendor.mediatek.hardware.audio-V1-ndk.so 64014-64018
/system_ext/lib64/vendor.mediatek.hardware.audio@7.1.so 64019-64040
/system_ext/lib64/vendor.mediatek.hardware.audio@8.1.so 64041-64062
/system_ext/lib64/vendor.mediatek.hardware.composer_ext-V1-ndk.so 64063-64070
/system_ext/lib64/vendor.mediatek.hardware.composer_ext@1.0.so 64071-64084
/system_ext/lib64/vendor.mediatek.hardware.gpuserv-V2-ndk.so 64085-64096
/system_ext/lib64/vendor.mediatek.hardware.lbs@1.0.so 64097-64109
/system_ext/lib64/vendor.mediatek.hardware.log-V1-ndk.so 64110-64114
/system_ext/lib64/vendor.mediatek.hardware.log@1.0.so 64115-64126
/system_ext/lib64/vendor.mediatek.hardware.mbrain-V2-ndk.so 64127-64133
/system_ext/lib64/vendor.mediatek.hardware.mbrain-V6-ndk.so 64134-64140
/system_ext/lib64/vendor.mediatek.hardware.mms@1.0.so 64141-64150
/system_ext/lib64/vendor.mediatek.hardware.mms@1.1.so 64151-64159
/system_ext/lib64/vendor.mediatek.hardware.mms@1.2.so 64160-64168
/system_ext/lib64/vendor.mediatek.hardware.mms@1.3.so 64169-64177
/system_ext/lib64/vendor.mediatek.hardware.mtkpower-V2-ndk.so 64178-64184
/system_ext/lib64/vendor.mediatek.hardware.mtkpower@1.0.so 64185-64198
/system_ext/lib64/vendor.mediatek.hardware.mtkpower@1.1.so 64199-64216
/system_ext/lib64/vendor.mediatek.hardware.mtkpower@1.2.so 64217-64234
/system_ext/lib64/vendor.mediatek.hardware.mtkpower_applist-V2-ndk.so 64235-64238
/system_ext/lib64/vendor.mediatek.hardware.mtkradioex.rsu-V1-ndk.so 64239-64244
/system_ext/lib64/vendor.mediatek.hardware.mtkradioex.se-V1-ndk.so 64245-64249
/system_ext/lib64/vendor.mediatek.hardware.mtkradioex.sim-V1-ndk.so 64250-64265
/system_ext/lib64/vendor.mediatek.hardware.mtkradioex@3.0.so 64266-64537
/system_ext/lib64/vendor.mediatek.hardware.pq@2.0.so 64538-64557
/system_ext/lib64/vendor.mediatek.hardware.pq@2.1.so 64558-64570
/system_ext/lib64/vendor.mediatek.hardware.pq@2.2.so 64571-64583
/system_ext/lib64/vendor.mediatek.hardware.pq@2.3.so 64584-64599
/system_ext/lib64/vendor.mediatek.hardware.pq_aidl-V2-ndk.so 64600-64630
/system_ext/lib64/vendor.mediatek.hardware.pq_aidl-V8-ndk.so 64631-64666
/system_ext/lib64/vendor.mediatek.hardware.touchll@1.0.so 64667-64674
/system_ext/lib64/vendor.mediatek.hardware.videotelephony-V1-ndk.so 64675-64679
/system_ext/lib64/vendor.mediatek.hardware.videotelephony@1.0.so 64680-64688
/system_ext/lib64/vendor.nxp.nxpnfc@2.0.so 64689-64697
/system_ext/lib64/vendor.transsion.hardware.trancam.trancamserver@1.0.so 64698-64710
/system_ext/lib64/vendor.transsion.hardware.trandatacenter@1.0.so 64711-64726
/system_ext/lib64/vendor.transsion.performance.sched@1.0.so 64727-64737
/system_ext/app/AIoTIrRemote/AIoTIrRemote.apk 64738-70030
/system_ext/app/ATMWifiMeta/ATMWifiMeta.apk 70031-70215
/system_ext/app/AfterSaleCalibrationTool/AfterSaleCalibrationTool.apk 70216-70451
/system_ext/app/AiGallery/AiGallery.apk 70452-102213
/system_ext/app/AiWriting/AiWriting.apk 102214-105249
/system_ext/app/AudioLink/AudioLink.apk 105250-110760
/system_ext/app/BatteryLab/BatteryLab.apk 110761-112309
/system_ext/app/BatteryWarning2/BatteryWarning2.apk 112310-114186
/system_ext/app/CalibrationTool2/CalibrationTool2.apk 114187-114495
/system_ext/app/ChildModeThub/ChildModeThub.apk 114496-117424
/system_ext/app/DebugLoggerUI/DebugLoggerUI.apk 117425-117790
/system_ext/app/EasyPicService/EasyPicService.apk 117791-120992
/system_ext/app/Ella/Ella.apk 120993-121632
/system_ext/app/EngineerMode/EngineerMode.apk 121633-123554
/system_ext/app/Ewarrantycard/Ewarrantycard.apk 123555-124829
/system_ext/app/FaceID/FaceID.apk 124830-128330
/system_ext/app/GoogleExtShared/GoogleExtShared.apk 128331-128333
/system_ext/app/GooglePrintRecommendationService/GooglePrintRecommendationService.apk 128334-128363
/system_ext/app/HiLanguageService/HiLanguageService.apk 128364-132618
/system_ext/app/Hoffnung/Hoffnung.apk 132619-133325
/system_ext/app/InearMonitor/InearMonitor.apk 133326-135671
/system_ext/app/IotCard/IotCard.apk 135672-139282
/system_ext/app/KeyguardClock/KeyguardClock.apk 139283-139774
/system_ext/app/KeyguardTheme/KeyguardTheme.apk 139775-140942
/system_ext/app/MDMConfig/MDMConfig.apk 140943-140953
/system_ext/app/MDMLSample/MDMLSample.apk 140954-140978
/system_ext/app/MagazineService/MagazineService.apk 140979-144652
/system_ext/app/MagicFont/MagicFont.apk 144653-145752
/system_ext/app/MasterOfLanguage/MasterOfLanguage.apk 145753-153735
/system_ext/app/MicroIntelligence/MicroIntelligence.apk 153736-158565
/system_ext/app/MobileCloner/MobileCloner.apk 158566-158863
/system_ext/app/MobileClonerUI/MobileClonerUI.apk 158864-162026
/system_ext/app/OOBE/OOBE.apk 162027-169821
/system_ext/app/OSSettingsExt/OSSettingsExt.apk 169822-171923
/system_ext/app/PCConnect/PCConnect.apk 171924-179750
/system_ext/app/Questionnaire/Questionnaire.apk 179751-183062
/system_ext/app/SmartAssistant/SmartAssistant.apk 183063-185961
/system_ext/app/SmartPanel/SmartPanel.apk 185962-203862
/system_ext/app/SmartRecogize/SmartRecogize.apk 203863-225614
/system_ext/app/SmartScan/SmartScan.apk 225615-233330
/system_ext/app/SysStasl/SysStasl.apk 233331-234225
/system_ext/app/SystemUpdate2.0/SystemUpdate2.0.apk 234226-235151
/system_ext/app/TRWallpaperPicker/TRWallpaperPicker.apk 235152-238683
/system_ext/app/TranDaemonApp/TranDaemonApp.apk 238684-238685
/system_ext/app/TranDualWifi/TranDualWifi.apk 238686-238690
/system_ext/app/TranDynamicBar/TranDynamicBar.apk 238691-239616
/system_ext/app/TranEngine/TranEngine.apk 239617-240260
/system_ext/app/TranMultiWindow/TranMultiWindow.apk 240261-241573
/system_ext/app/TranNecessity/TranNecessity.apk 241574-242203
/system_ext/app/TranPluginApp/TranPluginApp.apk 242204-242220
/system_ext/app/TranRadioNetService/TranRadioNetService.apk 242221-242412
/system_ext/app/TranSchedulePowerOnOffApk/TranSchedulePowerOnOffApk.apk 242413-243080
/system_ext/app/TranScreenRecord/TranScreenRecord.apk 243081-244014
/system_ext/app/TranScreenshot/TranScreenshot.apk 244015-246073
/system_ext/app/TranSettingsIntelligence/TranSettingsIntelligence.apk 246074-246810
/system_ext/app/TranSru/TranSru.apk 246811-248195
/system_ext/app/TranSucc/TranSucc.apk 248196-248287
/system_ext/app/TranThunderback/TranThunderback.apk 248288-249728
/system_ext/app/TranfacMode/TranfacMode.apk 249729-251946
/system_ext/app/TranssionCamera/TranssionCamera.apk 251947-393733
/system_ext/app/TranssionDeskClock/TranssionDeskClock.apk 393734-398031
/system_ext/app/TranssionFMRadio/TranssionFMRadio.apk 398032-399373
/system_ext/app/Uxdetector/Uxdetector.apk 399374-400136
/system_ext/app/WelinkService/WelinkService.apk 400137-401709
/system_ext/app/XHide/XHide.apk 401710-405990
/system_ext/app/YGPS/YGPS.apk 405991-406032
/system_ext/app/ZeroScreen/ZeroScreen.apk 406033-412274
/system_ext/app/gf_display_test/gf_display_test.apk 412275-412982
/system_ext/app/mediatek-res/mediatek-res.apk 412983-413472
/system_ext/app/palmid_os15_mr1/palmid_os15_mr1.apk 413473-416998
/system_ext/bin/hw/android.hardware.audio.parameter_parser.service 416999-417002
/system_ext/bin/hw/android.hidl.allocator@1.0-service 417003-417005
/system_ext/etc/dynamic_em/MD_SAR_and_PD_Feature_Control_dynamic.xml 417006
/system_ext/etc/init/init.hbt.rc 417007
/system_ext/etc/permissions/com.android.settings.xml 417008
/system_ext/etc/permissions/com.android.systemui.xml 417009
/system_ext/etc/permissions/com.transsion.tele.settings.xml 417010
/system_ext/etc/permissions/privapp-permissions-google-system_ext.xml 417011
/system_ext/etc/permissions/system-ext-permissions-mediatek.xml 417012
/system_ext/etc/selinux/system_ext_file_contexts 417013
/system_ext/etc/selinux/system_ext_property_contexts 417014-417015
/system_ext/etc/selinux/system_ext_sepolicy.cil 417016-417034
/system_ext/etc/selinux/system_ext_service_contexts 417035
/system_ext/priv-app/AIVoiceAssistant_v4.8.1/AIVoiceAssistant_v4.8.1.apk 417036-448633
/system_ext/priv-app/AppLock/AppLock.apk 448634-450023
/system_ext/priv-app/AppService/AppService.apk 450024-459004
/system_ext/priv-app/AppUpdate/AppUpdate.apk 459005-460824
/system_ext/priv-app/BluetoothSettingsApk/BluetoothSettingsApk.apk 460825-464245
/system_ext/priv-app/CarrierConfig/CarrierConfig.apk 464246-464311
/system_ext/priv-app/CloudServer/CloudServer.apk 464312-470635
/system_ext/priv-app/EmergencyInfoGms/EmergencyInfoGms.apk 470636-471168
/system_ext/priv-app/FontManager/FontManager.apk 471169-471734
/system_ext/priv-app/GeofenceService/GeofenceService.apk 471735-471737
/system_ext/priv-app/GlobalSearch/GlobalSearch.apk 471738-474858
/system_ext/priv-app/GoogleFeedback/GoogleFeedback.apk 474859-474923
/system_ext/priv-app/GooglePackageInstaller/GooglePackageInstaller.apk 474924-475428
/system_ext/priv-app/GoogleServicesFramework/GoogleServicesFramework.apk 475429-476207
/system_ext/priv-app/ImsService/ImsService.apk 476208-477341
/system_ext/priv-app/LPPeService/LPPeService.apk 477342-477368
/system_ext/priv-app/MtkGbaService/MtkGbaService.apk 477369-477376
/system_ext/priv-app/MtkSettingsProvider/MtkSettingsProvider.apk 477377-477472
/system_ext/priv-app/MtkTelephonyAssist/MtkTelephonyAssist.apk 477473-477483
/system_ext/priv-app/NfcNci_Nxp/NfcNci_Nxp.apk 477484-478917
/system_ext/priv-app/Omacp/Omacp.apk 478918-481933
/system_ext/priv-app/SetupWizard/SetupWizard.apk 481934-483678
/system_ext/priv-app/SilverHelper_gotii/SilverHelper_gotii.apk 483679-483899
/system_ext/priv-app/SimProcessor/SimProcessor.apk 483900-483916
/system_ext/priv-app/SmartCaller/SmartCaller.apk 483917-493654
/system_ext/priv-app/Tag/Tag.apk 493655-493749
/system_ext/priv-app/TeleSettingsApk/TeleSettingsApk.apk 493750-498982
/system_ext/priv-app/ThemePicker/ThemePicker.apk 498983-504107
/system_ext/priv-app/TranAbe/TranAbe.apk 504108-504680
/system_ext/priv-app/TranAccessibilityMenu/TranAccessibilityMenu.apk 504681-505000
/system_ext/priv-app/TranAodApk/TranAodApk.apk 505001-567564
/system_ext/priv-app/TranLivePicker/TranLivePicker.apk 567565-570750
/system_ext/priv-app/TranPalmFind/TranPalmFind.apk 570751-574255
/system_ext/priv-app/TranResolver/TranResolver.apk 574256-575358
/system_ext/priv-app/TranSettingsApk/TranSettingsApk.apk 575359-602040
/system_ext/priv-app/TranSettingsApk/TranSettingsApk.apk.prof 602041
/system_ext/priv-app/TranSettingsNfcApk/TranSettingsNfcApk.apk 602042-609295
/system_ext/priv-app/TranSettingsWifiApk/TranSettingsWifiApk.apk 609296-611839
/system_ext/priv-app/TranStk/TranStk.apk 611840-615548
/system_ext/priv-app/TranSystemUI/TranSystemUI.apk 615549-621992
/system_ext/priv-app/TranSystemUI/TranSystemUI.apk.prof 621993-622001
/system_ext/priv-app/Trancare/Trancare.apk 622002-622355
/system_ext/priv-app/VoiceUnlock/VoiceUnlock.apk 622356-629804
/system_ext/priv-app/WallpaperCropper/WallpaperCropper.apk 629805-629826
/system_ext/priv-app/XLauncher/XLauncher.apk 629827-635154
/system_ext/priv-app/XLauncher/XLauncher.apk.prof 635155-635159
/system_ext/priv-app/ZaHooc/ZaHooc.apk 635160-638395
/system_ext/etc/dynamic_em/antenna/ASD_Scenario_Detection_dynamic.xml 638396
/system_ext/etc/dynamic_em/antenna/Antenna_Force_dynamic.xml 638397
/system_ext/etc/dynamic_em/antenna/UAC_Condition_dynamic.xml 638398
/system_ext/etc/dynamic_em/antenna/UAC_Information_Monitor_dynamic.xml 638399
/system_ext/etc/init/hw/init.aee.rc 638400
/system_ext/etc/init/hw/meta_init.system.rc 638401-638402
/system_ext/etc/init/hw/vendor_init_as_system.rc 638403-638404
/system_ext/etc/security/fsverity/BuildManifestSystemExt.apk 638405-638406
/system_ext/etc/security/fsverity/BuildManifestSystemExt.apk.idsig 638407
/system_ext/etc/selinux/mapping/202404.cil 638408
/system_ext/etc/selinux/mapping/30.0.cil 638409
/system_ext/etc/selinux/mapping/31.0.cil 638410
/system_ext/etc/selinux/mapping/33.0.cil 638411
/system_ext/etc/selinux/mapping/34.0.cil 638412
/system_ext/framework/oat/arm/CustomPropInterface.odex 638413
/system_ext/framework/oat/arm/CustomPropInterface.odex.fsv_meta 638414
/system_ext/framework/oat/arm/SatelliteClient.odex 638415
/system_ext/framework/oat/arm/SatelliteClient.odex.fsv_meta 638416
/system_ext/framework/oat/arm/androidx.window.extensions.odex 638417
/system_ext/framework/oat/arm/androidx.window.extensions.odex.fsv_meta 638418
/system_ext/framework/oat/arm/androidx.window.sidecar.odex 638419
/system_ext/framework/oat/arm/androidx.window.sidecar.odex.fsv_meta 638420
/system_ext/framework/oat/arm/com.android.hotwordenrollment.common.util.odex 638421
/system_ext/framework/oat/arm/com.android.hotwordenrollment.common.util.odex.fsv_meta 638422
/system_ext/framework/oat/arm/com.nxp.nfc.odex 638423
/system_ext/framework/oat/arm/com.nxp.nfc.odex.fsv_meta 638424
/system_ext/framework/oat/arm/com.transsion.nfc.odex 638425
/system_ext/framework/oat/arm/com.transsion.nfc.odex.fsv_meta 638426
/system_ext/framework/oat/arm/com.transsion.tranfacfwk.odex 638427
/system_ext/framework/oat/arm/com.transsion.tranfacfwk.odex.fsv_meta 638428
/system_ext/framework/oat/arm/gift-core.odex 638429
/system_ext/framework/oat/arm/gift-core.odex.fsv_meta 638430
/system_ext/framework/oat/arm/log-handler.odex 638431
/system_ext/framework/oat/arm/log-handler.odex.fsv_meta 638432
/system_ext/framework/oat/arm/mediatek-ims-extension-plugin.odex 638433
/system_ext/framework/oat/arm/mediatek-ims-extension-plugin.odex.fsv_meta 638434
/system_ext/framework/oat/arm/mediatek-services.odex 638435
/system_ext/framework/oat/arm/mediatek-services.odex.fsv_meta 638436
/system_ext/framework/oat/arm/mediatek-services.vdex 638437
/system_ext/framework/oat/arm/mediatek-services.vdex.fsv_meta 638438
/system_ext/framework/oat/arm/sales_component.odex 638439
/system_ext/framework/oat/arm/sales_component.odex.fsv_meta 638440
/system_ext/framework/oat/arm/tran-telephony-anticross.odex 638441
/system_ext/framework/oat/arm/tran-telephony-anticross.odex.fsv_meta 638442
/system_ext/framework/oat/arm/tran_datacenter.odex 638443
/system_ext/framework/oat/arm/tran_datacenter.odex.fsv_meta 638444
/system_ext/framework/oat/arm/tranradionet-chipset-plugin.odex 638445-638446
/system_ext/framework/oat/arm/tranradionet-chipset-plugin.odex.fsv_meta 638447
/system_ext/framework/oat/arm/tranradionet-chipset-plugin.vdex 638448-638450
/system_ext/framework/oat/arm/tranradionet-chipset-plugin.vdex.fsv_meta 638451
/system_ext/framework/oat/arm/tranradionet-manager.odex 638452
/system_ext/framework/oat/arm/tranradionet-manager.odex.fsv_meta 638453
/system_ext/framework/oat/arm/trans_sched.odex 638454
/system_ext/framework/oat/arm/trans_sched.odex.fsv_meta 638455
/system_ext/framework/oat/arm64/CustomPropInterface.odex 638456
/system_ext/framework/oat/arm64/CustomPropInterface.odex.fsv_meta 638457
/system_ext/framework/oat/arm64/SatelliteClient.odex 638458
/system_ext/framework/oat/arm64/SatelliteClient.odex.fsv_meta 638459
/system_ext/framework/oat/arm64/androidx.window.extensions.odex 638460
/system_ext/framework/oat/arm64/androidx.window.extensions.odex.fsv_meta 638461
/system_ext/framework/oat/arm64/androidx.window.sidecar.odex 638462
/system_ext/framework/oat/arm64/androidx.window.sidecar.odex.fsv_meta 638463
/system_ext/framework/oat/arm64/com.android.hotwordenrollment.common.util.odex 638464
/system_ext/framework/oat/arm64/com.android.hotwordenrollment.common.util.odex.fsv_meta 638465
/system_ext/framework/oat/arm64/com.nxp.nfc.odex 638466
/system_ext/framework/oat/arm64/com.nxp.nfc.odex.fsv_meta 638467
/system_ext/framework/oat/arm64/com.transsion.nfc.odex 638468
/system_ext/framework/oat/arm64/com.transsion.nfc.odex.fsv_meta 638469
/system_ext/framework/oat/arm64/com.transsion.tranfacfwk.odex 638470
/system_ext/framework/oat/arm64/com.transsion.tranfacfwk.odex.fsv_meta 638471
/system_ext/framework/oat/arm64/gift-core.odex 638472
/system_ext/framework/oat/arm64/gift-core.odex.fsv_meta 638473
/system_ext/framework/oat/arm64/log-handler.odex 638474
/system_ext/framework/oat/arm64/log-handler.odex.fsv_meta 638475
/system_ext/framework/oat/arm64/mediatek-ims-extension-plugin.odex 638476
/system_ext/framework/oat/arm64/mediatek-ims-extension-plugin.odex.fsv_meta 638477
/system_ext/framework/oat/arm64/mediatek-services.odex 638478
/system_ext/framework/oat/arm64/mediatek-services.odex.fsv_meta 638479
/system_ext/framework/oat/arm64/mediatek-services.vdex 638480
/system_ext/framework/oat/arm64/mediatek-services.vdex.fsv_meta 638481
/system_ext/framework/oat/arm64/sales_component.odex 638482
/system_ext/framework/oat/arm64/sales_component.odex.fsv_meta 638483
/system_ext/framework/oat/arm64/tran-telephony-anticross.odex 638484
/system_ext/framework/oat/arm64/tran-telephony-anticross.odex.fsv_meta 638485
/system_ext/framework/oat/arm64/tran_datacenter.odex 638486
/system_ext/framework/oat/arm64/tran_datacenter.odex.fsv_meta 638487
/system_ext/framework/oat/arm64/tranradionet-chipset-plugin.odex 638488-638489
/system_ext/framework/oat/arm64/tranradionet-chipset-plugin.odex.fsv_meta 638490
/system_ext/framework/oat/arm64/tranradionet-chipset-plugin.vdex 638491-638493
/system_ext/framework/oat/arm64/tranradionet-chipset-plugin.vdex.fsv_meta 638494
/system_ext/framework/oat/arm64/tranradionet-manager.odex 638495
/system_ext/framework/oat/arm64/tranradionet-manager.odex.fsv_meta 638496
/system_ext/framework/oat/arm64/trans_sched.odex 638497
/system_ext/framework/oat/arm64/trans_sched.odex.fsv_meta 638498
/system_ext/app/AIoTIrRemote/oat/arm64/AIoTIrRemote.odex 638499-638511
/system_ext/app/AIoTIrRemote/oat/arm64/AIoTIrRemote.vdex 638512-638553
/system_ext/app/ATMWifiMeta/oat/arm64/ATMWifiMeta.odex 638554-638555
/system_ext/app/ATMWifiMeta/oat/arm64/ATMWifiMeta.vdex 638556-638558
/system_ext/app/AfterSaleCalibrationTool/oat/arm64/AfterSaleCalibrationTool.odex 638559-638560
/system_ext/app/AfterSaleCalibrationTool/oat/arm64/AfterSaleCalibrationTool.vdex 638561-638563
/system_ext/app/AiGallery/oat/arm64/AiGallery.odex 638564-647654
/system_ext/app/AiGallery/oat/arm64/AiGallery.vdex 647655-647744
/system_ext/app/AiWriting/oat/arm64/AiWriting.odex 647745-647751
/system_ext/app/AiWriting/oat/arm64/AiWriting.vdex 647752-647772
/system_ext/app/AudioLink/oat/arm64/AudioLink.odex 647773-647799
/system_ext/app/AudioLink/oat/arm64/AudioLink.vdex 647800-647886
/system_ext/app/BatteryLab/oat/arm64/BatteryLab.odex 647887-647892
/system_ext/app/BatteryLab/oat/arm64/BatteryLab.vdex 647893-647909
/system_ext/app/BatteryWarning2/oat/arm64/BatteryWarning2.odex 647910-647918
/system_ext/app/BatteryWarning2/oat/arm64/BatteryWarning2.vdex 647919-647945
/system_ext/app/CalibrationTool2/oat/arm64/CalibrationTool2.odex 647946-647947
/system_ext/app/CalibrationTool2/oat/arm64/CalibrationTool2.vdex 647948-647951
/system_ext/app/ChildModeThub/oat/arm64/ChildModeThub.odex 647952-647962
/system_ext/app/ChildModeThub/oat/arm64/ChildModeThub.vdex 647963-647996
/system_ext/app/DebugLoggerUI/oat/arm64/DebugLoggerUI.odex 647997
/system_ext/app/DebugLoggerUI/oat/arm64/DebugLoggerUI.vdex 647998-647999
/system_ext/app/EasyPicService/oat/arm64/EasyPicService.odex 648000-648003
/system_ext/app/EasyPicService/oat/arm64/EasyPicService.vdex 648004-648013
/system_ext/app/Ella/oat/arm64/Ella.odex 648014-648016
/system_ext/app/Ella/oat/arm64/Ella.vdex 648017-648025
/system_ext/app/EngineerMode/oat/arm64/EngineerMode.odex 648026-648033
/system_ext/app/EngineerMode/oat/arm64/EngineerMode.vdex 648034-648057
/system_ext/app/FaceID/oat/arm64/FaceID.odex 648058-648064
/system_ext/app/FaceID/oat/arm64/FaceID.vdex 648065-648085
/system_ext/app/GoogleExtShared/oat/arm64/GoogleExtShared.odex 648086
/system_ext/app/GooglePrintRecommendationService/oat/arm64/GooglePrintRecommendationService.odex 648087
/system_ext/app/GooglePrintRecommendationService/oat/arm64/GooglePrintRecommendationService.vdex 648088-648105
/system_ext/app/Hoffnung/oat/arm64/Hoffnung.odex 648106-648111
/system_ext/app/Hoffnung/oat/arm64/Hoffnung.vdex 648112-648127
/system_ext/app/InearMonitor/oat/arm64/InearMonitor.odex 648128-648138
/system_ext/app/InearMonitor/oat/arm64/InearMonitor.vdex 648139-648169
/system_ext/app/IotCard/oat/arm64/IotCard.odex 648170-648186
/system_ext/app/IotCard/oat/arm64/IotCard.vdex 648187-648237
/system_ext/app/KeyguardClock/oat/arm64/KeyguardClock.odex 648238-648241
/system_ext/app/KeyguardClock/oat/arm64/KeyguardClock.vdex 648242-648250
/system_ext/app/KeyguardTheme/oat/arm64/KeyguardTheme.odex 648251-648256
/system_ext/app/KeyguardTheme/oat/arm64/KeyguardTheme.vdex 648257-648275
/system_ext/app/MDMConfig/oat/arm64/MDMConfig.odex 648276
/system_ext/app/MDMLSample/oat/arm64/MDMLSample.odex 648277
/system_ext/app/MagazineService/oat/arm64/MagazineService.odex 648278-648298
/system_ext/app/MagazineService/oat/arm64/MagazineService.vdex 648299-648363
/system_ext/app/MagicFont/oat/arm64/MagicFont.odex 648364-648369
/system_ext/app/MagicFont/oat/arm64/MagicFont.vdex 648370-648387
/system_ext/app/MobileCloner/oat/arm64/MobileCloner.odex 648388-648390
/system_ext/app/MobileCloner/oat/arm64/MobileCloner.vdex 648391-648396
/system_ext/app/MobileClonerUI/oat/arm64/MobileClonerUI.odex 648397-648410
/system_ext/app/MobileClonerUI/oat/arm64/MobileClonerUI.vdex 648411-650143
/system_ext/app/OOBE/oat/arm64/OOBE.odex 650144-650153
/system_ext/app/OOBE/oat/arm64/OOBE.vdex 650154-650182
/system_ext/app/OSSettingsExt/oat/arm64/OSSettingsExt.odex 650183-652239
/system_ext/app/OSSettingsExt/oat/arm64/OSSettingsExt.vdex 652240-652264
/system_ext/app/PCConnect/oat/arm64/PCConnect.odex 652265-652296
/system_ext/app/PCConnect/oat/arm64/PCConnect.vdex 652297-652397
/system_ext/app/Questionnaire/oat/arm64/Questionnaire.odex 652398-652411
/system_ext/app/Questionnaire/oat/arm64/Questionnaire.vdex 652412-652457
/system_ext/app/SmartAssistant/oat/arm64/SmartAssistant.odex 652458-652469
/system_ext/app/SmartAssistant/oat/arm64/SmartAssistant.vdex 652470-652506
/system_ext/app/SmartPanel/oat/arm64/SmartPanel.odex 652507-652526
/system_ext/app/SmartPanel/oat/arm64/SmartPanel.vdex 652527-652588
/system_ext/app/SmartRecogize/oat/arm64/SmartRecogize.odex 652589-652612
/system_ext/app/SmartRecogize/oat/arm64/SmartRecogize.vdex 652613-652687
/system_ext/app/SmartScan/oat/arm64/SmartScan.odex 652688-652706
/system_ext/app/SmartScan/oat/arm64/SmartScan.vdex 652707-654944
/system_ext/app/SysStasl/oat/arm64/SysStasl.odex 654945-654949
/system_ext/app/SysStasl/oat/arm64/SysStasl.vdex 654950-654965
/system_ext/app/TRWallpaperPicker/oat/arm64/TRWallpaperPicker.odex 654966-654969
/system_ext/app/TRWallpaperPicker/oat/arm64/TRWallpaperPicker.vdex 654970-654981
/system_ext/app/TranDualWifi/oat/arm64/TranDualWifi.odex 654982
/system_ext/app/TranEngine/oat/arm64/TranEngine.odex 654983-654986
/system_ext/app/TranEngine/oat/arm64/TranEngine.vdex 654987-654995
/system_ext/app/TranMultiWindow/oat/arm64/TranMultiWindow.odex 654996-655002
/system_ext/app/TranMultiWindow/oat/arm64/TranMultiWindow.vdex 655003-655022
/system_ext/app/TranNecessity/oat/arm64/TranNecessity.odex 655023-655026
/system_ext/app/TranNecessity/oat/arm64/TranNecessity.vdex 655027-655036
/system_ext/app/TranRadioNetService/oat/arm64/TranRadioNetService.odex 655037-655038
/system_ext/app/TranRadioNetService/oat/arm64/TranRadioNetService.vdex 655039-655042
/system_ext/app/TranSchedulePowerOnOffApk/oat/arm64/TranSchedulePowerOnOffApk.odex 655043-655045
/system_ext/app/TranSchedulePowerOnOffApk/oat/arm64/TranSchedulePowerOnOffApk.vdex 655046-655055
/system_ext/app/TranSettingsIntelligence/oat/arm64/TranSettingsIntelligence.odex 655056-655059
/system_ext/app/TranSettingsIntelligence/oat/arm64/TranSettingsIntelligence.vdex 655060-655071
/system_ext/app/TranSucc/oat/arm64/TranSucc.odex 655072-655073
/system_ext/app/TranSucc/oat/arm64/TranSucc.vdex 655074-655076
/system_ext/app/TranThunderback/oat/arm64/TranThunderback.odex 655077-655083
/system_ext/app/TranThunderback/oat/arm64/TranThunderback.vdex 655084-655103
/system_ext/app/TranssionCamera/oat/arm64/TranssionCamera.odex 655104-655116
/system_ext/app/TranssionCamera/oat/arm64/TranssionCamera.vdex 655117-655159
/system_ext/app/TranssionDeskClock/oat/arm64/TranssionDeskClock.odex 655160-655173
/system_ext/app/TranssionDeskClock/oat/arm64/TranssionDeskClock.vdex 655174-655217
/system_ext/app/TranssionFMRadio/oat/arm64/TranssionFMRadio.odex 655218-655223
/system_ext/app/TranssionFMRadio/oat/arm64/TranssionFMRadio.vdex 655224-655241
/system_ext/app/Uxdetector/oat/arm64/Uxdetector.odex 655242-655245
/system_ext/app/Uxdetector/oat/arm64/Uxdetector.vdex 655246-655255
/system_ext/app/WelinkService/oat/arm64/WelinkService.odex 655256-655265
/system_ext/app/WelinkService/oat/arm64/WelinkService.vdex 655266-655295
/system_ext/app/XHide/oat/arm64/XHide.odex 655296-655303
/system_ext/app/XHide/oat/arm64/XHide.vdex 655304-655326
/system_ext/app/YGPS/oat/arm64/YGPS.odex 655327
/system_ext/app/gf_display_test/oat/arm64/gf_display_test.odex 655328-655331
/system_ext/app/gf_display_test/oat/arm64/gf_display_test.vdex 655332-655342
/system_ext/app/palmid_os15_mr1/oat/arm64/palmid_os15_mr1.odex 655343-655357
/system_ext/app/palmid_os15_mr1/oat/arm64/palmid_os15_mr1.vdex 655358-655411
/system_ext/etc/dynamic_em/antenna/tuner/MTK_Tuner_Controller_dynamic.xml 655412
/system_ext/priv-app/AIVoiceAssistant_v4.8.1/oat/arm64/AIVoiceAssistant_v4.8.1.odex 655413-655445
/system_ext/priv-app/AIVoiceAssistant_v4.8.1/oat/arm64/AIVoiceAssistant_v4.8.1.vdex 655446-655559
/system_ext/priv-app/AppLock/oat/arm64/AppLock.odex 655560-655568
/system_ext/priv-app/AppLock/oat/arm64/AppLock.vdex 655569-655594
/system_ext/priv-app/AppService/oat/arm64/AppService.odex 655595-655606
/system_ext/priv-app/AppService/oat/arm64/AppService.vdex 655607-655643
/system_ext/priv-app/AppUpdate/oat/arm64/AppUpdate.odex 655644-655651
/system_ext/priv-app/AppUpdate/oat/arm64/AppUpdate.vdex 655652-655674
/system_ext/priv-app/CarrierConfig/oat/arm64/CarrierConfig.odex 655675
/system_ext/priv-app/CloudServer/oat/arm64/CloudServer.odex 655676-662514
/system_ext/priv-app/CloudServer/oat/arm64/CloudServer.vdex 662515-662594
/system_ext/priv-app/EmergencyInfoGms/oat/arm64/EmergencyInfoGms.odex 662595-662597
/system_ext/priv-app/EmergencyInfoGms/oat/arm64/EmergencyInfoGms.vdex 662598-662603
/system_ext/priv-app/FontManager/oat/arm64/FontManager.odex 662604-662607
/system_ext/priv-app/FontManager/oat/arm64/FontManager.vdex 662608-662617
/system_ext/priv-app/GeofenceService/oat/arm64/GeofenceService.odex 662618
/system_ext/priv-app/GlobalSearch/oat/arm64/GlobalSearch.odex 662619-662631
/system_ext/priv-app/GlobalSearch/oat/arm64/GlobalSearch.vdex 662632-662674
/system_ext/priv-app/GoogleFeedback/oat/arm64/GoogleFeedback.odex 662675
/system_ext/priv-app/GooglePackageInstaller/oat/arm64/GooglePackageInstaller.odex 662676-662678
/system_ext/priv-app/GooglePackageInstaller/oat/arm64/GooglePackageInstaller.vdex 662679-662685
/system_ext/priv-app/GoogleServicesFramework/oat/arm64/GoogleServicesFramework.odex 662686-662689
/system_ext/priv-app/GoogleServicesFramework/oat/arm64/GoogleServicesFramework.vdex 662690-662700
/system_ext/priv-app/ImsService/oat/arm64/ImsService.odex 662701-662706
/system_ext/priv-app/ImsService/oat/arm64/ImsService.vdex 662707-662721
/system_ext/priv-app/LPPeService/oat/arm64/LPPeService.odex 662722
/system_ext/priv-app/MtkGbaService/oat/arm64/MtkGbaService.odex 662723
/system_ext/priv-app/MtkSettingsProvider/oat/arm64/MtkSettingsProvider.odex 662724
/system_ext/priv-app/MtkSettingsProvider/oat/arm64/MtkSettingsProvider.vdex 662725
/system_ext/priv-app/MtkTelephonyAssist/oat/arm64/MtkTelephonyAssist.odex 662726
/system_ext/priv-app/NfcNci_Nxp/oat/arm64/NfcNci_Nxp.odex 662727-662731
/system_ext/priv-app/NfcNci_Nxp/oat/arm64/NfcNci_Nxp.vdex 662732-662744
/system_ext/priv-app/Omacp/oat/arm64/Omacp.odex 662745-662754
/system_ext/priv-app/Omacp/oat/arm64/Omacp.vdex 662755-662786
/system_ext/priv-app/SetupWizard/oat/arm64/SetupWizard.odex 662787-662795
/system_ext/priv-app/SetupWizard/oat/arm64/SetupWizard.vdex 662796-662824
/system_ext/priv-app/SilverHelper_gotii/oat/arm64/SilverHelper_gotii.odex 662825-662826
/system_ext/priv-app/SilverHelper_gotii/oat/arm64/SilverHelper_gotii.vdex 662827-662830
/system_ext/priv-app/SimProcessor/oat/arm64/SimProcessor.odex 662831
/system_ext/priv-app/SmartCaller/oat/arm64/SmartCaller.odex 662832-670111
/system_ext/priv-app/SmartCaller/oat/arm64/SmartCaller.vdex 670112-670188
/system_ext/priv-app/Tag/oat/arm64/Tag.odex 670189
/system_ext/priv-app/Tag/oat/arm64/Tag.vdex 670190
/system_ext/priv-app/ThemePicker/oat/arm64/ThemePicker.odex 670191-670208
/system_ext/priv-app/ThemePicker/oat/arm64/ThemePicker.vdex 670209-670265
/system_ext/priv-app/TranAbe/oat/arm64/TranAbe.odex 670266-670268
/system_ext/priv-app/TranAbe/oat/arm64/TranAbe.vdex 670269-670277
/system_ext/priv-app/TranAccessibilityMenu/oat/arm64/TranAccessibilityMenu.odex 670278-670279
/system_ext/priv-app/TranAccessibilityMenu/oat/arm64/TranAccessibilityMenu.vdex 670280-670284
/system_ext/priv-app/TranAodApk/oat/arm64/TranAodApk.odex 670285-670296
/system_ext/priv-app/TranAodApk/oat/arm64/TranAodApk.vdex 670297-670335
/system_ext/priv-app/TranLivePicker/oat/arm64/TranLivePicker.odex 670336-670346
/system_ext/priv-app/TranLivePicker/oat/arm64/TranLivePicker.vdex 670347-670381
/system_ext/priv-app/TranResolver/oat/arm64/TranResolver.odex 670382-670387
/system_ext/priv-app/TranResolver/oat/arm64/TranResolver.vdex 670388-670405
/system_ext/priv-app/TranSettingsApk/oat/arm64/TranSettingsApk.art 670406-670409
/system_ext/priv-app/TranSettingsApk/oat/arm64/TranSettingsApk.odex 670410-670435
/system_ext/priv-app/TranSettingsApk/oat/arm64/TranSettingsApk.vdex 670436-670532
/system_ext/priv-app/TranSystemUI/oat/arm64/TranSystemUI.art 670533-670536
/system_ext/priv-app/TranSystemUI/oat/arm64/TranSystemUI.odex 670537-679793
/system_ext/priv-app/TranSystemUI/oat/arm64/TranSystemUI.vdex 679794-679878
/system_ext/priv-app/Trancare/oat/arm64/Trancare.odex 679879-679882
/system_ext/priv-app/Trancare/oat/arm64/Trancare.vdex 679883-679891
/system_ext/priv-app/VoiceUnlock/oat/arm64/VoiceUnlock.odex 679892
/system_ext/priv-app/VoiceUnlock/oat/arm64/VoiceUnlock.vdex 679893-679894
/system_ext/priv-app/WallpaperCropper/oat/arm64/WallpaperCropper.odex 679895
/system_ext/priv-app/XLauncher/oat/arm64/XLauncher.art 679896-679898
/system_ext/priv-app/XLauncher/oat/arm64/XLauncher.odex 679899-686805
/system_ext/priv-app/XLauncher/oat/arm64/XLauncher.vdex 686806-686860
/system_ext/priv-app/ZaHooc/oat/arm64/ZaHooc.odex 686861-686866
/system_ext/priv-app/ZaHooc/oat/arm64/ZaHooc.vdex 686867-686885
