/vendor_dlkm/lib/modules/adaptive-ts.ko 1-14
/vendor_dlkm/lib/modules/apu_top.ko 15-61
/vendor_dlkm/lib/modules/apusys.ko 62-307
/vendor_dlkm/lib/modules/arm_dsu_pmu.ko 308-311
/vendor_dlkm/lib/modules/atf_logger.ko 312-316
/vendor_dlkm/lib/modules/audio_ipi.ko 317-333
/vendor_dlkm/lib/modules/aw8601af.ko 334-335
/vendor_dlkm/lib/modules/backlight_cooling.ko 336-337
/vendor_dlkm/lib/modules/board_temp.ko 338-340
/vendor_dlkm/lib/modules/bpf_monitor.ko 341-346
/vendor_dlkm/lib/modules/bt_drv_6895.ko 347-395
/vendor_dlkm/lib/modules/btif_drv.ko 396-421
/vendor_dlkm/lib/modules/c2k_usb.ko 422-430
/vendor_dlkm/lib/modules/c2k_usb_f_via_atc.ko 431
/vendor_dlkm/lib/modules/c2k_usb_f_via_ets.ko 432
/vendor_dlkm/lib/modules/c2k_usb_f_via_gps.ko 433
/vendor_dlkm/lib/modules/c2k_usb_f_via_modem.ko 434
/vendor_dlkm/lib/modules/c2k_usb_f_via_pcv.ko 435
/vendor_dlkm/lib/modules/camera_af_media.ko 436-437
/vendor_dlkm/lib/modules/camera_dpe_isp70.ko 438-470
/vendor_dlkm/lib/modules/camera_eeprom.ko 471-499
/vendor_dlkm/lib/modules/ccci_auxadc.ko 500-501
/vendor_dlkm/lib/modules/ccci_ccif.ko 502-519
/vendor_dlkm/lib/modules/ccci_dpmaif.ko 520-600
/vendor_dlkm/lib/modules/ccci_fsm_scp.ko 601-603
/vendor_dlkm/lib/modules/ccci_md_all.ko 604-697
/vendor_dlkm/lib/modules/ccci_md_clk.ko 698
/vendor_dlkm/lib/modules/ccci_rtc.ko 699
/vendor_dlkm/lib/modules/ccci_util_lib.ko 700-722
/vendor_dlkm/lib/modules/ccd_rpmsg.ko 723-727
/vendor_dlkm/lib/modules/ccmni.ko 728-734
/vendor_dlkm/lib/modules/charger_cooling.ko 735-736
/vendor_dlkm/lib/modules/clk-dbg-mt6895.ko 737-739
/vendor_dlkm/lib/modules/clk-disable-unused.ko 740
/vendor_dlkm/lib/modules/cmdq-sec-drv.ko 741-751
/vendor_dlkm/lib/modules/cmdq-test.ko 752-760
/vendor_dlkm/lib/modules/connadp.ko 761-767
/vendor_dlkm/lib/modules/connfem.ko 768-775
/vendor_dlkm/lib/modules/conninfra.ko 776-888
/vendor_dlkm/lib/modules/connscp.ko 889-894
/vendor_dlkm/lib/modules/cpudvfs.ko 895-897
/vendor_dlkm/lib/modules/cpufreq_sugov_ext.ko 898-906
/vendor_dlkm/lib/modules/cpuqos_v3.ko 907-914
/vendor_dlkm/lib/modules/defrag_gc_ko.ko 915-917
/vendor_dlkm/lib/modules/dev_gc.ko 918-920
/vendor_dlkm/lib/modules/elliptic-ultrasound.ko 921-931
/vendor_dlkm/lib/modules/emi-mpu-hook-v1.ko 932
/vendor_dlkm/lib/modules/fair.ko 933-936
/vendor_dlkm/lib/modules/fhctl.ko 937-952
/vendor_dlkm/lib/modules/flashlight.ko 953-962
/vendor_dlkm/lib/modules/fmradio_drv_connac2x.ko 963-1013
/vendor_dlkm/lib/modules/fpsgo.ko 1014-1022
/vendor_dlkm/lib/modules/frs.ko 1023-1024
/vendor_dlkm/lib/modules/ged.ko 1025-1068
/vendor_dlkm/lib/modules/gps_drv_dl_v050.ko 1069-1112
/vendor_dlkm/lib/modules/gps_pwr.ko 1113-1114
/vendor_dlkm/lib/modules/gps_scp.ko 1115-1117
/vendor_dlkm/lib/modules/gpueb.ko 1118-1127
/vendor_dlkm/lib/modules/gt9886.ko 1128-1148
/vendor_dlkm/lib/modules/gt9896s.ko 1149-1168
/vendor_dlkm/lib/modules/gt9916_common.ko 1169-1206
/vendor_dlkm/lib/modules/gz_ipc_mod.ko 1207-1215
/vendor_dlkm/lib/modules/gz_irq_mod.ko 1216-1218
/vendor_dlkm/lib/modules/gz_log_mod.ko 1219-1221
/vendor_dlkm/lib/modules/gz_main_mod.ko 1222-1229
/vendor_dlkm/lib/modules/gz_trusty_mod.ko 1230-1235
/vendor_dlkm/lib/modules/gz_tz_system.ko 1236-1242
/vendor_dlkm/lib/modules/gz_virtio_mod.ko 1243-1247
/vendor_dlkm/lib/modules/hf_manager.ko 1248-1255
/vendor_dlkm/lib/modules/hiber.ko 1256-1260
/vendor_dlkm/lib/modules/imgsensor-glue.ko 1261
/vendor_dlkm/lib/modules/imgsensor.ko 1262-1432
/vendor_dlkm/lib/modules/iommu_gz.ko 1433-1435
/vendor_dlkm/lib/modules/jpeg-driver.ko 1436-1446
/vendor_dlkm/lib/modules/lc898229.ko 1447-1448
/vendor_dlkm/lib/modules/lmk_optimize.ko 1449-1450
/vendor_dlkm/lib/modules/load_track.ko 1451-1452
/vendor_dlkm/lib/modules/look_around.ko 1453-1454
/vendor_dlkm/lib/modules/mali_kbase_mt6895_r38.ko 1455-1670
/vendor_dlkm/lib/modules/mali_mgm_mt6895_r38.ko 1671-1673
/vendor_dlkm/lib/modules/mali_prot_alloc_mt6895_r38.ko 1674-1676
/vendor_dlkm/lib/modules/mcupm.ko 1677-1682
/vendor_dlkm/lib/modules/md_cooling_all.ko 1683-1687
/vendor_dlkm/lib/modules/mddp.ko 1688-1704
/vendor_dlkm/lib/modules/met.ko 1705-1797
/vendor_dlkm/lib/modules/met_backlight_api.ko 1798
/vendor_dlkm/lib/modules/met_emi_api.ko 1799
/vendor_dlkm/lib/modules/met_gpu_adv_api.ko 1800
/vendor_dlkm/lib/modules/met_gpu_api.ko 1801
/vendor_dlkm/lib/modules/met_ipi_api.ko 1802
/vendor_dlkm/lib/modules/met_mcupm_api.ko 1803
/vendor_dlkm/lib/modules/met_scmi_api.ko 1804
/vendor_dlkm/lib/modules/met_sspm_api.ko 1805
/vendor_dlkm/lib/modules/met_vcore_api.ko 1806
/vendor_dlkm/lib/modules/modules.alias 1807-1808
/vendor_dlkm/lib/modules/modules.dep 1809
/vendor_dlkm/lib/modules/msync2_frd.ko 1810-1811
/vendor_dlkm/lib/modules/mt6895-mt6368.ko 1812-1817
/vendor_dlkm/lib/modules/mtk-afe-external.ko 1818
/vendor_dlkm/lib/modules/mtk-btcvsd.ko 1819-1823
/vendor_dlkm/lib/modules/mtk-cam-isp.ko 1824-2053
/vendor_dlkm/lib/modules/mtk-cam-plat-mt6895.ko 2054
/vendor_dlkm/lib/modules/mtk-cam-plat-util.ko 2055-2056
/vendor_dlkm/lib/modules/mtk-composite.ko 2057-2058
/vendor_dlkm/lib/modules/mtk-cqdma.ko 2059-2063
/vendor_dlkm/lib/modules/mtk-dvfsrc-start.ko 2064
/vendor_dlkm/lib/modules/mtk-ipesys-me.ko 2065-2067
/vendor_dlkm/lib/modules/mtk-lpm-dbg-common-v1.ko 2068-2084
/vendor_dlkm/lib/modules/mtk-lpm-dbg-mt6895.ko 2085-2095
/vendor_dlkm/lib/modules/mtk-lpm-plat-v1.ko 2096-2099
/vendor_dlkm/lib/modules/mtk-lpm.ko 2100-2109
/vendor_dlkm/lib/modules/mtk-mbox.ko 2110-2113
/vendor_dlkm/lib/modules/mtk-pm-domain-disable-unused.ko 2114
/vendor_dlkm/lib/modules/mtk-pmic-oc-debug.ko 2115-2116
/vendor_dlkm/lib/modules/mtk-pwm.ko 2117-2127
/vendor_dlkm/lib/modules/mtk-scp-ultra.ko 2128-2129
/vendor_dlkm/lib/modules/mtk-scp-vow.ko 2130
/vendor_dlkm/lib/modules/mtk-soc-offload-common.ko 2131-2134
/vendor_dlkm/lib/modules/mtk-sp-spk-amp.ko 2135-2136
/vendor_dlkm/lib/modules/mtk-ssc-dbg-v2.ko 2137-2138
/vendor_dlkm/lib/modules/mtk-ssc.ko 2139-2141
/vendor_dlkm/lib/modules/mtk-swpm-dbg-common-v1.ko 2142-2143
/vendor_dlkm/lib/modules/mtk-swpm-dbg-v6895.ko 2144-2150
/vendor_dlkm/lib/modules/mtk-swpm.ko 2151-2155
/vendor_dlkm/lib/modules/mtk-vcodec-common.ko 2156-2164
/vendor_dlkm/lib/modules/mtk-vcodec-dec-v2.ko 2165-2196
/vendor_dlkm/lib/modules/mtk-vcodec-enc-v2.ko 2197-2228
/vendor_dlkm/lib/modules/mtk-vmm-dbg.ko 2229
/vendor_dlkm/lib/modules/mtk-vmm-regulator.ko 2230-2235
/vendor_dlkm/lib/modules/mtk-vow.ko 2236-2253
/vendor_dlkm/lib/modules/mtk_aie.ko 2254-3559
/vendor_dlkm/lib/modules/mtk_battery_oc_throttling.ko 3560-3563
/vendor_dlkm/lib/modules/mtk_bp_thl.ko 3564-3566
/vendor_dlkm/lib/modules/mtk_ccd_remoteproc.ko 3567-3571
/vendor_dlkm/lib/modules/mtk_ccu.ko 3572-3579
/vendor_dlkm/lib/modules/mtk_cm_ipi.ko 3580-3581
/vendor_dlkm/lib/modules/mtk_cm_mgr.ko 3582-3588
/vendor_dlkm/lib/modules/mtk_cm_mgr_mt6895.ko 3589-3592
/vendor_dlkm/lib/modules/mtk_core_ctl.ko 3593-3605
/vendor_dlkm/lib/modules/mtk_cpu_power_throttling.ko 3606-3607
/vendor_dlkm/lib/modules/mtk_disp_sec.ko 3608-3610
/vendor_dlkm/lib/modules/mtk_dynamic_loading_throttling.ko 3611-3613
/vendor_dlkm/lib/modules/mtk_fpsgo.ko 3614-3701
/vendor_dlkm/lib/modules/mtk_gpu_hal.ko 3702-3706
/vendor_dlkm/lib/modules/mtk_gpu_power_throttling.ko 3707-3708
/vendor_dlkm/lib/modules/mtk_gpu_qos.ko 3709-3711
/vendor_dlkm/lib/modules/mtk_gpufreq_mt6895.ko 3712-3731
/vendor_dlkm/lib/modules/mtk_gpufreq_wrapper.ko 3732-3744
/vendor_dlkm/lib/modules/mtk_hcp.ko 3745-3757
/vendor_dlkm/lib/modules/mtk_heap_debug.ko 3758-3766
/vendor_dlkm/lib/modules/mtk_imgsys_v4l2.ko 3767-3817
/vendor_dlkm/lib/modules/mtk_irtx_pwm.ko 3818-3820
/vendor_dlkm/lib/modules/mtk_jpeg.ko 3821-3829
/vendor_dlkm/lib/modules/mtk_low_battery_throttling.ko 3830-3834
/vendor_dlkm/lib/modules/mtk_md_power_throttling.ko 3835-3836
/vendor_dlkm/lib/modules/mtk_mdpm.ko 3837-3842
/vendor_dlkm/lib/modules/mtk_pbm.ko 3843-3848
/vendor_dlkm/lib/modules/mtk_perf_common.ko 3849-3857
/vendor_dlkm/lib/modules/mtk_perf_ioctl.ko 3858-3861
/vendor_dlkm/lib/modules/mtk_perf_ioctl_magt.ko 3862-3864
/vendor_dlkm/lib/modules/mtk_qos.ko 3865-3869
/vendor_dlkm/lib/modules/mtk_rpmsg_mbox.ko 3870-3871
/vendor_dlkm/lib/modules/mtk_sec_heap.ko 3872-3877
/vendor_dlkm/lib/modules/mtk_tinysys_ipi.ko 3878-3881
/vendor_dlkm/lib/modules/mtk_u_ether.ko 3882-3888
/vendor_dlkm/lib/modules/mtk_usb_f_rndis.ko 3889-3895
/vendor_dlkm/lib/modules/nfc_i2c.ko 3896-3903
/vendor_dlkm/lib/modules/nvmem-mt635x-efuse.ko 3904-3905
/vendor_dlkm/lib/modules/ocp81375.ko 3906-3910
/vendor_dlkm/lib/modules/pages_prefilter.ko 3911-3915
/vendor_dlkm/lib/modules/pda_drv_mt6895.ko 3916-3928
/vendor_dlkm/lib/modules/pmic_temp.ko 3929-3931
/vendor_dlkm/lib/modules/pmsr.ko 3932-3933
/vendor_dlkm/lib/modules/pnpmgr.ko 3934-3941
/vendor_dlkm/lib/modules/read_ahead.ko 3942
/vendor_dlkm/lib/modules/reboot-mode.ko 3943-3944
/vendor_dlkm/lib/modules/richtap_haptic_hv.ko 3945-3997
/vendor_dlkm/lib/modules/richtek_spm_cls.ko 3998-4000
/vendor_dlkm/lib/modules/rpmb-mtk.ko 4001-4007
/vendor_dlkm/lib/modules/rpmb.ko 4008-4010
/vendor_dlkm/lib/modules/rps_perf.ko 4011
/vendor_dlkm/lib/modules/scheduler.ko 4012-4032
/vendor_dlkm/lib/modules/scp.ko 4033-4071
/vendor_dlkm/lib/modules/sensorhub.ko 4072-4088
/vendor_dlkm/lib/modules/sgm37864.ko 4089-4093
/vendor_dlkm/lib/modules/shrink_slabd.ko 4094-4095
/vendor_dlkm/lib/modules/snd-soc-audiodsp-common.ko 4096-4110
/vendor_dlkm/lib/modules/snd-soc-fs1599.ko 4111-4125
/vendor_dlkm/lib/modules/snd-soc-mt6368.ko 4126-4142
/vendor_dlkm/lib/modules/snd-soc-mt6895-afe.ko 4143-4186
/vendor_dlkm/lib/modules/snd-soc-mtk-common.ko 4187-4197
/vendor_dlkm/lib/modules/snd-soc-mtk-scp-ultra.ko 4198-4203
/vendor_dlkm/lib/modules/snd-soc-rt5512.ko 4204-4208
/vendor_dlkm/lib/modules/snd-soc-tfa98xx.ko 4209-4244
/vendor_dlkm/lib/modules/soc_temp_lvts.ko 4245-4255
/vendor_dlkm/lib/modules/spmi-mtk-mpu.ko 4256-4257
/vendor_dlkm/lib/modules/spmtwam.ko 4258-4262
/vendor_dlkm/lib/modules/sspm_v3.ko 4263-4267
/vendor_dlkm/lib/modules/syscon-reboot-mode.ko 4268
/vendor_dlkm/lib/modules/task_turbo.ko 4269-4277
/vendor_dlkm/lib/modules/thd.ko 4278-4285
/vendor_dlkm/lib/modules/thermal-generic-adc.ko 4286-4287
/vendor_dlkm/lib/modules/thermal_interface.ko 4288-4298
/vendor_dlkm/lib/modules/thermal_space_class.ko 4299-4300
/vendor_dlkm/lib/modules/thermal_trace.ko 4301-4312
/vendor_dlkm/lib/modules/tnek.ko 4313-4315
/vendor_dlkm/lib/modules/trace_mmstat.ko 4316-4320
/vendor_dlkm/lib/modules/tran_fre.ko 4321-4340
/vendor_dlkm/lib/modules/tran_health_sched.ko 4341-4354
/vendor_dlkm/lib/modules/tran_mm_collect.ko 4355-4366
/vendor_dlkm/lib/modules/tran_perf_util.ko 4367-4370
/vendor_dlkm/lib/modules/trancam_driver_elapsedtime.ko 4371
/vendor_dlkm/lib/modules/trans_sched.ko 4372-4406
/vendor_dlkm/lib/modules/transsion_cooler.ko 4407-4408
/vendor_dlkm/lib/modules/transsion_resmonitor.ko 4409-4413
/vendor_dlkm/lib/modules/transsion_tranlog.ko 4414-4423
/vendor_dlkm/lib/modules/trusted_mem.ko 4424-4437
/vendor_dlkm/lib/modules/ts_device.ko 4438
/vendor_dlkm/lib/modules/uload_ind.ko 4439-4443
/vendor_dlkm/lib/modules/v4l2-fwnode.ko 4444-4447
/vendor_dlkm/lib/modules/vcp.ko 4448-4472
/vendor_dlkm/lib/modules/vdec-fmt.ko 4473-4493
/vendor_dlkm/lib/modules/widevine_driver.ko 4494-4496
/vendor_dlkm/lib/modules/wlan_drv_gen4m_6895.ko 4497-5170
/vendor_dlkm/lib/modules/wmt_chrdev_wifi_connac2.ko 5171-5181
/vendor_dlkm/lib/modules/zram.ko 5182-5216
/vendor_dlkm/lib/modules/zsmalloc.ko 5217-5224
